127.0.0.1 - - [04/Oct/2026 17:06:29] "GET /play/local/ HTTP/1.1" 200 -
127.0.0.1 - - [04/Oct/2026 17:06:29] "GET /play/local/resources/d7a35206b61176ad09e27d65551c4b10c7e1c170cc7c61ffd862b37c71f5c6e5.css HTTP/1.1" 200 -
127.0.0.1 - - [04/Oct/2026 17:06:29] "GET /play/local/resources/1b88417a5db25319bef19cf3f5bb2979bc800aa5981c1c32d35fe530a18d259c.css HTTP/1.1" 200 -
127.0.0.1 - - [04/Oct/2026 17:06:29] "GET /play/local/resources/735d9f13a20939ab318798ef6697223c054eb6e6cc6124c09bf4fcb2f090f0e8.js HTTP/1.1" 200 -
127.0.0.1 - - [04/Oct/2026 17:06:29] "GET /play/local/resources/b0956c3d44648171244c71832b1a5bc96c1c733542c4e0b45a7ee38dd255bd84.js HTTP/1.1" 200 -
127.0.0.1 - - [04/Oct/2026 17:06:29] "GET /play/local/resources/98027a6e7a79f0f02963c6d38cf83e0bf8b1c49b1ecac0e012e1b782b4418f70.js HTTP/1.1" 200 -
127.0.0.1 - - [04/Oct/2026 17:06:29] "GET /play/local/resources/7e5112906ae09b24d5fbb2e036737a082695c36f6a85867c3e0120db5c82a4f3.js HTTP/1.1" 200 -
127.0.0.1 - - [04/Oct/2026 17:06:29] "GET /play/local/resources/a95c32f3741b013d11e21db313c9eed399afb7665cd14ed49e90d04de627362d.js HTTP/1.1" 200 -
127.0.0.1 - - [04/Oct/2026 17:06:29] "GET /play/local/resources/0dd83b1f30ed9569aa48b7203c8d860e28dbb47675dae9435c6e848e00698dc4.wasm HTTP/1.1" 200 -
127.0.0.1 - - [04/Oct/2026 17:06:29] "GET /play/local/resources/091300dd1e1c75e85ece3bdb9b1bf17e8490a6b0b5c7b2a18d2109c56c692d84.ttf HTTP/1.1" 200 -
127.0.0.1 - - [04/Oct/2026 17:06:29] "GET /play/local/resources/d2fa996d55a502e25e3747f14d3e594ad3bcb003baa2195ceb810e00940fc366.ttf HTTP/1.1" 200 -
127.0.0.1 - - [04/Oct/2026 17:06:29] "GET /play/local/resources/82fd30a024b925fbb3a60d1653d9079f9a72b7e1f0e0de991f77504d3673e88a.ttf HTTP/1.1" 200 -
127.0.0.1 - - [04/Oct/2026 17:06:29] "GET /play/local/resources/e7b5e385f0a040fed4bba33309b706fed5a90969b1c4086678743c5d6379baab.png HTTP/1.1" 200 -
{
  "evidence": "real staged HTTP/SRI/manifest smoke, not a browser waterfall or cache timing",
  "first_board_runtime_aliases": [
    "tabula-game-client.wasm",
    "assets/OpenSans-Regular.ttf",
    "assets/OpenSans-Semibold.ttf",
    "assets/NotoSerif-Bold.ttf",
    "chess/0.1.0/pieces@1x.b3-143639222e2604f324068497ed1538f23528af661ce87404449f2078ef0eb3bb.png"
  ],
  "explicit_request_count_including_static_host": 13,
  "body_bytes": 1523072,
  "requests": [
    {
      "path": "/play/local/",
      "bytes": 4705,
      "cache_control": "no-store"
    },
    {
      "path": "/play/local/resources/d7a35206b61176ad09e27d65551c4b10c7e1c170cc7c61ffd862b37c71f5c6e5.css",
      "bytes": 47051,
      "cache_control": "public, max-age=31536000, immutable"
    },
    {
      "path": "/play/local/resources/1b88417a5db25319bef19cf3f5bb2979bc800aa5981c1c32d35fe530a18d259c.css",
      "bytes": 12473,
      "cache_control": "public, max-age=31536000, immutable"
    },
    {
      "path": "/play/local/resources/735d9f13a20939ab318798ef6697223c054eb6e6cc6124c09bf4fcb2f090f0e8.js",
      "bytes": 37828,
      "cache_control": "public, max-age=31536000, immutable"
    },
    {
      "path": "/play/local/resources/b0956c3d44648171244c71832b1a5bc96c1c733542c4e0b45a7ee38dd255bd84.js",
      "bytes": 1988,
      "cache_control": "public, max-age=31536000, immutable"
    },
    {
      "path": "/play/local/resources/98027a6e7a79f0f02963c6d38cf83e0bf8b1c49b1ecac0e012e1b782b4418f70.js",
      "bytes": 16886,
      "cache_control": "public, max-age=31536000, immutable"
    },
    {
      "path": "/play/local/resources/7e5112906ae09b24d5fbb2e036737a082695c36f6a85867c3e0120db5c82a4f3.js",
      "bytes": 7609,
      "cache_control": "public, max-age=31536000, immutable"
    },
    {
      "path": "/play/local/resources/a95c32f3741b013d11e21db313c9eed399afb7665cd14ed49e90d04de627362d.js",
      "bytes": 17734,
      "cache_control": "public, max-age=31536000, immutable"
    },
    {
      "path": "/play/local/resources/0dd83b1f30ed9569aa48b7203c8d860e28dbb47675dae9435c6e848e00698dc4.wasm",
      "bytes": 1131678,
      "cache_control": "public, max-age=31536000, immutable"
    },
    {
      "path": "/play/local/resources/091300dd1e1c75e85ece3bdb9b1bf17e8490a6b0b5c7b2a18d2109c56c692d84.ttf",
      "bytes": 40460,
      "cache_control": "public, max-age=31536000, immutable"
    },
    {
      "path": "/play/local/resources/d2fa996d55a502e25e3747f14d3e594ad3bcb003baa2195ceb810e00940fc366.ttf",
      "bytes": 41628,
      "cache_control": "public, max-age=31536000, immutable"
    },
    {
      "path": "/play/local/resources/82fd30a024b925fbb3a60d1653d9079f9a72b7e1f0e0de991f77504d3673e88a.ttf",
      "bytes": 141544,
      "cache_control": "public, max-age=31536000, immutable"
    },
    {
      "path": "/play/local/resources/e7b5e385f0a040fed4bba33309b706fed5a90969b1c4086678743c5d6379baab.png",
      "bytes": 21488,
      "cache_control": "public, max-age=31536000, immutable"
    }
  ]
}
PASS: real staged HTTP resource wiring
