    Checking tabula-core v0.1.0 (/workspace/scratch/429f9ca90843/tabula-game-loading/crates/tabula-core)
    Checking tabula-design v0.0.0 (/workspace/scratch/429f9ca90843/tabula-game-loading/crates/tabula-design)
   Compiling tabula-game-chess v0.1.2 (/workspace/scratch/429f9ca90843/tabula-game-loading/games/chess)
   Compiling tabula-game-tiles v0.1.0 (/workspace/scratch/429f9ca90843/tabula-game-loading/games/tiles)
   Compiling tabula-game-werewolf v0.0.0 (/workspace/scratch/429f9ca90843/tabula-game-loading/games/werewolf)
    Checking tabula-game-api v0.1.0 (/workspace/scratch/429f9ca90843/tabula-game-loading/crates/tabula-game-api)
    Checking tabula-protocol v0.0.0 (/workspace/scratch/429f9ca90843/tabula-game-loading/crates/tabula-protocol)
    Checking tabula-admin v0.0.0 (/workspace/scratch/429f9ca90843/tabula-game-loading/apps/admin)
    Checking tabula-desktop v0.0.0 (/workspace/scratch/429f9ca90843/tabula-game-loading/apps/desktop)
    Checking tabula-voice v0.0.0 (/workspace/scratch/429f9ca90843/tabula-game-loading/crates/tabula-voice)
    Checking tabula-server v0.0.0 (/workspace/scratch/429f9ca90843/tabula-game-loading/services/tabula-server)
    Checking tabula-assets v0.0.0 (/workspace/scratch/429f9ca90843/tabula-game-loading/crates/tabula-assets)
    Checking tabula-testkit v0.1.0 (/workspace/scratch/429f9ca90843/tabula-game-loading/crates/tabula-testkit)
    Checking tabula-storage v0.0.0 (/workspace/scratch/429f9ca90843/tabula-game-loading/crates/tabula-storage)
    Checking tabula-game-caro v0.0.0 (/workspace/scratch/429f9ca90843/tabula-game-loading/games/caro)
    Checking tabula-presentation v0.0.0 (/workspace/scratch/429f9ca90843/tabula-game-loading/crates/tabula-presentation)
    Checking renderer-macroquad v0.0.0 (/workspace/scratch/429f9ca90843/tabula-game-loading/crates/renderer-macroquad)
    Checking renderer-headless v0.0.0 (/workspace/scratch/429f9ca90843/tabula-game-loading/crates/renderer-headless)
    Checking tabula-registry v0.0.0 (/workspace/scratch/429f9ca90843/tabula-game-loading/crates/tabula-registry)
    Checking tabula-game-client v0.0.0 (/workspace/scratch/429f9ca90843/tabula-game-loading/apps/game-client)
    Checking tabula-match v0.0.0 (/workspace/scratch/429f9ca90843/tabula-game-loading/crates/tabula-match)
    Checking tabula-web v0.0.0 (/workspace/scratch/429f9ca90843/tabula-game-loading/apps/web)
    Checking tabula-net-client v0.0.0 (/workspace/scratch/429f9ca90843/tabula-game-loading/crates/tabula-net-client)
    Checking xtask v0.1.0 (/workspace/scratch/429f9ca90843/tabula-game-loading/xtask)
    Checking tabula-lobby v0.0.0 (/workspace/scratch/429f9ca90843/tabula-game-loading/crates/tabula-lobby)
    Finished `dev` profile [unoptimized + debuginfo] target(s) in 4.09s
