> Task :previewApp:checkKotlinGradlePluginConfigurationErrors SKIPPED
> Task :previewApp:convertXmlValueResourcesForMain NO-SOURCE
> Task :previewApp:copyNonXmlValueResourcesForMain NO-SOURCE
> Task :previewApp:prepareComposeResourcesTaskForMain NO-SOURCE
> Task :previewApp:generateResourceAccessorsForMain SKIPPED
> Task :previewApp:generateActualResourceCollectorsForMain SKIPPED
> Task :previewApp:generateComposeResClass SKIPPED
> Task :shared:checkDesktopMainComposeLibrariesCompatibility
> Task :shared:kmpPartiallyResolvedDependenciesChecker
> Task :shared:checkKotlinGradlePluginConfigurationErrors SKIPPED
> Task :shared:convertXmlValueResourcesForCommonMain NO-SOURCE
> Task :shared:copyNonXmlValueResourcesForCommonMain NO-SOURCE
> Task :shared:prepareComposeResourcesTaskForCommonMain NO-SOURCE
> Task :shared:generateResourceAccessorsForCommonMain SKIPPED
> Task :shared:convertXmlValueResourcesForDesktopMain NO-SOURCE
> Task :shared:copyNonXmlValueResourcesForDesktopMain NO-SOURCE
> Task :shared:prepareComposeResourcesTaskForDesktopMain NO-SOURCE
> Task :shared:generateResourceAccessorsForDesktopMain SKIPPED
> Task :shared:generateActualResourceCollectorsForDesktopMain SKIPPED
> Task :shared:generateComposeResClass SKIPPED
> Task :shared:generateExpectResourceCollectorsForCommonMain SKIPPED
> Task :shared:compileKotlinDesktop UP-TO-DATE
> Task :shared:compileDesktopMainJava NO-SOURCE
> Task :shared:assembleDesktopMainResources UP-TO-DATE
> Task :shared:desktopProcessResources UP-TO-DATE
> Task :shared:processDesktopMainResources SKIPPED
> Task :shared:desktopMainClasses UP-TO-DATE
> Task :shared:desktopJar UP-TO-DATE
> Task :previewApp:compileKotlin UP-TO-DATE
> Task :previewApp:compileJava NO-SOURCE
> Task :previewApp:assembleMainResources UP-TO-DATE
> Task :previewApp:processResources UP-TO-DATE
> Task :previewApp:classes UP-TO-DATE
> Task :previewApp:jar UP-TO-DATE
> Task :previewApp:convertXmlValueResourcesForTest NO-SOURCE
> Task :previewApp:copyNonXmlValueResourcesForTest NO-SOURCE
> Task :previewApp:prepareComposeResourcesTaskForTest NO-SOURCE
> Task :previewApp:generateResourceAccessorsForTest SKIPPED
> Task :previewApp:assembleTestResources UP-TO-DATE
> Task :previewApp:processTestResources UP-TO-DATE
> Task :previewApp:compileTestKotlin
> Task :previewApp:compileTestJava NO-SOURCE
> Task :previewApp:testClasses UP-TO-DATE

> Task :previewApp:test FAILED

ShellViewportTest > longHostFailureScrollsToRetryAndTheCompactToolbarKeepsBackReachable FAILED
    java.lang.AssertionError at Actions.kt:98
        Caused by: java.lang.AssertionError at ShellViewportTest.kt:174

ShellViewportTest > voiceActionsWrapRatherThanSqueezingTheSecondLabelOnSmallPhones FAILED
    java.lang.AssertionError at ShellViewportTest.kt:98
        Caused by: java.lang.AssertionError at ShellViewportTest.kt:98

ShellViewportTest > homeActionsRemainReachableOnShortViewportsAndAtTwoHundredPercentText FAILED
    java.lang.AssertionError at Actions.kt:98
        Caused by: java.lang.AssertionError at ShellViewportTest.kt:145

ShellViewportTest > nativeVoiceTextDoesNotTakeTheWholeGameViewportInShortLandscape FAILED
    java.lang.AssertionError at Assert.java:89
        Caused by: java.lang.AssertionError at ShellViewportTest.kt:201

4 tests completed, 4 failed

FAILURE: Build failed with an exception.

* What went wrong:
Execution failed for task ':previewApp:test'.
> There were failing tests. See the report at: file:///private/tmp/tabula-issue81/mobile-jdk21/previewApp/build/reports/tests/test/index.html

* Try:
> Run with --scan to get full insights from a Build Scan (powered by Develocity).

BUILD FAILED in 6s
14 actionable tasks: 4 executed, 10 up-to-date
