Calculating task graph as no cached configuration is available for tasks: :shared:testAndroidHostTest :android:assembleDebug

> Configure project :android
w: file:///Users/manhblue/projects/loveoverflow/tabula/mobile/android/build.gradle.kts:52:46: 'fun srcDir(srcDir: Any): Any' is deprecated. Use `directories` mutable set instead.

> Configure project :previewApp
w: file:///Users/manhblue/projects/loveoverflow/tabula/mobile/previewApp/build.gradle.kts:19:40: 'val uiTestJUnit4: String' is deprecated. Specify dependency directly.

> Configure project :shared
w: file:///Users/manhblue/projects/loveoverflow/tabula/mobile/shared/build.gradle.kts:13:5: 'fun KotlinMultiplatformExtension.androidLibrary(configure: Action<DeprecatedKotlinMultiplatformAndroidLibraryTarget>): Unit' is deprecated. The 'androidLibrary' block is deprecated. Please use 'android' instead.

FAILURE: Build failed with an exception.

* What went wrong:
A problem occurred configuring project ':shared'.
> Could not create task ':shared:testAndroidHostTest'.
   > Failed to calculate the value of task ':shared:testAndroidHostTest' property 'javaLauncher'.
      > Cannot find a Java installation on your machine (Mac OS X 15.6 aarch64) matching: {languageVersion=17, vendor=any vendor, implementation=vendor-specific, nativeImageCapable=false}. Toolchain download repositories have not been configured.

* Try:
> Learn more about toolchain auto-detection and auto-provisioning at https://docs.gradle.org/9.7.0/userguide/toolchains.html#sec:auto_detection.
> Learn more about toolchain repositories at https://docs.gradle.org/9.7.0/userguide/toolchains.html#sub:download_repositories.
> Run with --stacktrace option to get the stack trace.
> Run with --info or --debug option to get more log output.
> Run with --scan to get full insights from a Build Scan (powered by Develocity).
> Get more help at https://help.gradle.org.

BUILD FAILED in 2s
Configuration cache entry stored.
