    Blocking waiting for file lock on package cache
    Blocking waiting for file lock on package cache
   Compiling proc-macro2 v1.0.107
   Compiling quote v1.0.47
   Compiling serde_core v1.0.229
   Compiling serde v1.0.229
   Compiling find-msvc-tools v0.1.11
   Compiling shlex v2.0.1
    Checking cfg-if v1.0.4
   Compiling zerocopy v0.8.56
   Compiling rustversion v1.0.23
   Compiling thiserror v2.0.20
   Compiling cc v1.4.4
    Checking equivalent v1.0.2
    Checking simd-adler32 v0.3.10
   Compiling thiserror v1.0.69
    Checking constant_time_eq v0.4.2
    Checking itoa v1.0.18
   Compiling libm v0.2.16
    Checking adler2 v2.0.1
    Checking arrayvec v0.7.8
    Checking rand_core v0.6.4
   Compiling crc32fast v1.5.1
    Checking ryu v1.0.23
    Checking static_assertions v1.1.0
    Checking hashbrown v0.17.1
   Compiling syn v3.0.4
   Compiling syn v2.0.119
    Checking indexmap v2.14.1
   Compiling autocfg v1.5.1
    Checking toml_write v0.1.2
    Checking winnow v0.7.15
    Checking miniz_oxide v0.9.1
    Checking flate2 v1.1.10
    Checking core_maths v0.1.1
    Checking miniz_oxide v0.8.9
    Checking fdeflate v0.3.7
    Checking bitflags v1.3.2
    Checking foldhash v0.1.5
    Checking allocator-api2 v0.2.21
   Compiling miniquad v0.4.11
    Checking png v0.17.16
    Checking castaway v0.2.4
    Checking hashbrown v0.15.5
    Checking ttf-parser v0.25.1
    Checking byteorder v1.5.0
    Checking bytemuck v1.25.2
   Compiling num-traits v0.2.19
    Checking color_quant v1.1.0
   Compiling macroquad_macro v0.1.8
    Checking ppv-lite86 v0.2.21
    Checking glam v0.27.0
    Checking quad-rand v0.2.3
    Checking rand_chacha v0.3.1
    Checking fontdue v0.9.4
    Checking image v0.24.9
    Checking macroquad v0.4.16
   Compiling blake3 v1.8.7
   Compiling serde_derive v1.0.229
   Compiling thiserror-impl v2.0.20
   Compiling thiserror-impl v1.0.69
   Compiling tabula-game-chess v0.1.2 (/Users/manhblue/projects/loveoverflow/tabula/games/chess)
    Checking cobs v0.3.0
    Checking serde_spanned v0.6.9
    Checking compact_str v0.8.2
    Checking toml_datetime v0.6.11
    Checking postcard v1.1.3
    Checking smallvec v1.15.2
    Checking glam v0.29.3
    Checking tabula-design v0.0.0 (/Users/manhblue/projects/loveoverflow/tabula/crates/tabula-design)
    Checking toml_edit v0.22.27
    Checking tabula-core v0.1.0 (/Users/manhblue/projects/loveoverflow/tabula/crates/tabula-core)
    Checking tabula-game-api v0.1.0 (/Users/manhblue/projects/loveoverflow/tabula/crates/tabula-game-api)
    Checking toml v0.8.23
    Checking tabula-assets v0.0.0 (/Users/manhblue/projects/loveoverflow/tabula/crates/tabula-assets)
    Checking tabula-presentation v0.0.0 (/Users/manhblue/projects/loveoverflow/tabula/crates/tabula-presentation)
    Checking tabula-render-macroquad v0.0.0 (/Users/manhblue/projects/loveoverflow/tabula/crates/tabula-render-macroquad)
    Checking tabula-game-client v0.0.0 (/Users/manhblue/projects/loveoverflow/tabula/apps/game-client)
    Finished `dev` profile [unoptimized + debuginfo] target(s) in 15.94s
