Fetching distribution.
Downloading https://services.gradle.org/distributions/gradle-9.7.0-bin.zip

Attempt 1/1 failed. Reason: Network is unreachable
Exception in thread "main" java.net.SocketException: Network is unreachable
	at java.base/sun.nio.ch.Net.connect0(Native Method)
	at java.base/sun.nio.ch.Net.connect(Net.java:601)
	at java.base/sun.nio.ch.Net.connect(Net.java:590)
	at java.base/sun.nio.ch.NioSocketImpl.connect(NioSocketImpl.java:583)
	at java.base/java.net.Socket.connect(Socket.java:751)
	at java.base/sun.net.NetworkClient.doConnect(NetworkClient.java:178)
	at java.base/sun.net.www.http.HttpClient.openServer(HttpClient.java:539)
	at java.base/sun.net.www.http.HttpClient$1.run(HttpClient.java:598)
	at java.base/sun.net.www.http.HttpClient$1.run(HttpClient.java:596)
	at java.base/java.security.AccessController.doPrivileged(AccessController.java:571)
	at java.base/sun.net.www.http.HttpClient.privilegedOpenServer(HttpClient.java:595)
	at java.base/sun.net.www.http.HttpClient.openServer(HttpClient.java:639)
	at java.base/sun.net.www.protocol.https.HttpsClient.<init>(HttpsClient.java:265)
	at java.base/sun.net.www.protocol.https.HttpsClient.New(HttpsClient.java:378)
	at java.base/sun.net.www.protocol.https.AbstractDelegateHttpsURLConnection.getNewHttpClient(AbstractDelegateHttpsURLConnection.java:205)
	at java.base/sun.net.www.protocol.http.HttpURLConnection.plainConnect0(HttpURLConnection.java:1281)
	at java.base/sun.net.www.protocol.http.HttpURLConnection.plainConnect(HttpURLConnection.java:1146)
	at java.base/sun.net.www.protocol.http.HttpURLConnection.connect(HttpURLConnection.java:1075)
	at java.base/sun.net.www.protocol.https.AbstractDelegateHttpsURLConnection.connect(AbstractDelegateHttpsURLConnection.java:181)
	at java.base/sun.net.www.protocol.http.HttpURLConnection.getInputStream0(HttpURLConnection.java:1707)
	at java.base/sun.net.www.protocol.http.HttpURLConnection.getInputStream(HttpURLConnection.java:1632)
	at java.base/java.net.HttpURLConnection.getResponseCode(HttpURLConnection.java:531)
	at java.base/sun.net.www.protocol.https.HttpsURLConnectionImpl.getResponseCode(HttpsURLConnectionImpl.java:307)
	at org.gradle.wrapper.Download.download(SourceFile:1)
	at org.gradle.wrapper.Install.forceFetch(SourceFile)
	at org.gradle.wrapper.Install.lambda$createDist$0(SourceFile:9)
	at org.gradle.wrapper.Install.createDist(SourceFile:24)
	at org.gradle.wrapper.GradleWrapperMain.lambda$prepareWrapper$0(SourceFile:2)
	at org.gradle.wrapper.GradleWrapperMain.main(SourceFile:2)
