JUnit version 4.13.2
...........E.............E
Time: 0.106
There were 2 failures:
1) everyFreshReadCreatesItsOwnImmutablePresentationIdentity(com.loveoverflow.tabula.mobile.AccountSessionControllerTest)
java.lang.AssertionError: Expected value to be false.
	at org.junit.Assert.fail(Assert.java:89)
	at kotlin.test.junit.JUnitAsserter.fail(JUnitSupport.kt:56)
	at kotlin.test.Asserter.assertTrue(Assertions.kt:1545)
	at kotlin.test.junit.JUnitAsserter.assertTrue(JUnitSupport.kt:30)
	at kotlin.test.Asserter.assertTrue(Assertions.kt:1555)
	at kotlin.test.junit.JUnitAsserter.assertTrue(JUnitSupport.kt:30)
	at kotlin.test.AssertionsKt__AssertionsKt.assertFalse(Assertions.kt:68)
	at kotlin.test.AssertionsKt.assertFalse(Unknown Source)
	at kotlin.test.AssertionsKt__AssertionsKt.assertFalse$default(Assertions.kt:66)
	at kotlin.test.AssertionsKt.assertFalse$default(Unknown Source)
	at com.loveoverflow.tabula.mobile.AccountSessionControllerTest.everyFreshReadCreatesItsOwnImmutablePresentationIdentity(AccountSessionControllerTest.kt:117)
2) sameValueSynchronousRefreshIsObservableWhenSlowCollectorMissesLoading(com.loveoverflow.tabula.mobile.AccountSessionControllerTest)
java.lang.AssertionError: expected:<2> but was:<1>
	at org.junit.Assert.fail(Assert.java:89)
	at org.junit.Assert.failNotEquals(Assert.java:835)
	at org.junit.Assert.assertEquals(Assert.java:120)
	at kotlin.test.junit.JUnitAsserter.assertEquals(JUnitSupport.kt:32)
	at kotlin.test.AssertionsKt__AssertionsKt.assertEquals(Assertions.kt:83)
	at kotlin.test.AssertionsKt.assertEquals(Unknown Source)
	at kotlin.test.AssertionsKt__AssertionsKt.assertEquals$default(Assertions.kt:82)
	at kotlin.test.AssertionsKt.assertEquals$default(Unknown Source)
	at com.loveoverflow.tabula.mobile.AccountSessionControllerTest$sameValueSynchronousRefreshIsObservableWhenSlowCollectorMissesLoading$1.invokeSuspend(AccountSessionControllerTest.kt:141)
	at kotlin.coroutines.jvm.internal.BaseContinuationImpl.resumeWith(ContinuationImpl.kt:34)
	at kotlinx.coroutines.DispatchedTask.run(DispatchedTask.kt:104)
	at kotlinx.coroutines.EventLoopImplBase.processNextEvent(EventLoop.common.kt:277)
	at kotlinx.coroutines.BlockingCoroutine.joinBlocking(Builders.kt:95)
	at kotlinx.coroutines.BuildersKt__BuildersKt.runBlocking(Builders.kt:69)
	at kotlinx.coroutines.BuildersKt.runBlocking(Unknown Source)
	at kotlinx.coroutines.BuildersKt__BuildersKt.runBlocking$default(Builders.kt:48)
	at kotlinx.coroutines.BuildersKt.runBlocking$default(Unknown Source)
	at com.loveoverflow.tabula.mobile.AccountSessionControllerTest.sameValueSynchronousRefreshIsObservableWhenSlowCollectorMissesLoading(AccountSessionControllerTest.kt:122)

FAILURES!!!
Tests run: 24,  Failures: 2
