   Compiling tabula-game-werewolf v0.0.0 (/Users/manh.pd1/Projects/Mine/tabula/games/werewolf)
   Compiling xtask v0.1.0 (/Users/manh.pd1/Projects/Mine/tabula/xtask)
    Finished `dev` profile [unoptimized + debuginfo] target(s) in 10.85s
     Running `target/debug/xtask check`

=== xtask check: cargo fmt --all -- --check ===

=== xtask check: cargo clippy --workspace --all-targets --all-features -- -D warnings ===
   Compiling getrandom v0.4.3
    Checking errno v0.3.14
    Checking rand_core v0.10.1
    Checking smallvec v1.15.2
    Checking tabula-design v0.0.0 (/Users/manh.pd1/Projects/Mine/tabula/crates/tabula-design)
    Checking console v0.16.4
    Checking similar v2.7.0
   Compiling serde_json v1.0.151
   Compiling serde_core v1.0.229
    Checking bytes v1.12.1
    Checking rustix v1.1.4
    Checking futures-io v0.3.34
    Checking tabula-core v0.1.0 (/Users/manh.pd1/Projects/Mine/tabula/crates/tabula-core)
    Checking futures-util v0.3.34
    Checking signal-hook-registry v1.4.8
   Compiling tokio-macros v2.7.2
    Checking mio v1.2.4
    Checking socket2 v0.6.5
    Checking typenum v1.20.1
   Compiling zerofrom v0.1.8
   Compiling stable_deref_trait v1.2.1
   Compiling yoke v0.8.3
    Checking parking_lot_core v0.9.12
   Compiling zerovec v0.11.8
   Compiling tracing-attributes v0.1.31
    Checking tempfile v3.27.0
    Checking event-listener v5.4.2
    Checking rusty-fork v0.3.1
    Checking insta v1.48.0
    Checking tabula-game-api v0.1.0 (/Users/manh.pd1/Projects/Mine/tabula/crates/tabula-game-api)
    Checking tabula-protocol v0.0.0 (/Users/manh.pd1/Projects/Mine/tabula/crates/tabula-protocol)
    Checking icu_normalizer v2.3.0
    Checking http v1.5.0
    Checking proptest v1.11.0
    Checking subtle v2.6.1
   Compiling tinystr v0.8.4
   Compiling litemap v0.8.3
   Compiling writeable v0.6.4
    Checking log v0.4.34
    Checking idna_adapter v1.2.2
   Compiling potential_utf v0.1.6
   Compiling icu_locale_core v2.3.0
   Compiling zerotrie v0.2.5
   Compiling hybrid-array v0.4.15
    Checking form_urlencoded v1.2.2
   Compiling utf8_iter v1.0.4
    Checking tabula-assets v0.0.0 (/Users/manh.pd1/Projects/Mine/tabula/crates/tabula-assets)
   Compiling icu_collections v2.3.0
    Checking idna v1.1.0
   Compiling serde v1.0.229
    Checking parking_lot v0.12.5
    Checking generic-array v0.14.7
    Checking either v1.18.0
    Checking tabula-presentation v0.0.0 (/Users/manh.pd1/Projects/Mine/tabula/crates/tabula-presentation)
   Compiling icu_provider v2.3.1
   Compiling cmov v0.5.4
   Compiling pin-project-lite v0.2.17
    Checking url v2.5.8
   Compiling block-buffer v0.12.1
   Compiling ctutils v0.4.2
   Compiling crypto-common v0.2.2
    Checking tabula-testkit v0.1.0 (/Users/manh.pd1/Projects/Mine/tabula/crates/tabula-testkit)
   Compiling icu_normalizer_data v2.3.0
   Compiling icu_properties_data v2.3.0
   Compiling tabula-game-chess v0.1.2 (/Users/manh.pd1/Projects/Mine/tabula/games/chess)
   Compiling futures-core v0.3.34
   Compiling digest v0.11.3
   Compiling icu_properties v2.3.0
    Checking block-buffer v0.10.4
    Checking crypto-common v0.1.7
   Compiling uuid v1.26.1
   Compiling tabula-game-tiles v0.1.0 (/Users/manh.pd1/Projects/Mine/tabula/games/tiles)
    Checking tracing-core v0.1.36
   Compiling crossbeam-utils v0.8.23
    Checking digest v0.10.7
    Checking tabula-match-journal v0.0.0 (/Users/manh.pd1/Projects/Mine/tabula/crates/tabula-match-journal)
   Compiling foldhash v0.2.0
   Compiling memchr v2.8.3
   Compiling percent-encoding v2.3.2
   Compiling futures-sink v0.3.34
   Compiling allocator-api2 v0.2.21
   Compiling once_cell v1.21.4
   Compiling tokio v1.53.1
   Compiling hashbrown v0.16.1
   Compiling num-traits v0.2.19
    Checking http-body v1.1.0
   Compiling cpufeatures v0.2.17
   Compiling zmij v1.0.23
   Compiling itoa v1.0.18
   Compiling crc-catalog v2.5.0
   Compiling tinyvec v1.13.3
   Compiling slab v0.4.12
   Compiling parking v2.2.1
   Compiling futures-task v0.3.34
   Compiling crc v3.4.0
   Compiling unicode-normalization v0.1.25
    Checking sha2 v0.10.9
   Compiling crossbeam-queue v0.3.14
   Compiling hashlink v0.11.1
   Compiling hmac v0.13.0
   Compiling futures-intrusive v0.5.0
   Compiling chacha20 v0.10.2
   Compiling tokio-stream v0.1.19
   Compiling cpufeatures v0.3.1
   Compiling httparse v1.10.1
   Compiling base64 v0.22.1
    Checking tower-service v0.3.3
   Compiling unicode-bidi v0.3.18
   Compiling unicode-properties v0.1.4
   Compiling sha2 v0.11.0
   Compiling rand v0.10.3
   Compiling hkdf v0.13.0
   Compiling atoi v2.0.0
   Compiling futures-channel v0.3.34
   Compiling stringprep v0.1.5
   Compiling md-5 v0.11.0
    Checking try-lock v0.2.5
   Compiling bitflags v2.13.1
   Compiling hex v0.4.3
   Compiling dotenvy v0.15.7
    Checking tracing v0.1.44
   Compiling byteorder v1.5.0
   Compiling whoami v2.1.3
    Checking want v0.3.1
   Compiling sqlx-core v0.9.0
    Checking sync_wrapper v1.0.2
    Checking httpdate v1.0.3
    Checking atomic-waker v1.1.2
    Checking tower-layer v0.3.3
   Compiling heck v0.5.0
    Checking hyper v1.11.1
    Checking base64 v0.23.1
    Checking ipnet v2.12.2
    Checking tower v0.5.3
    Checking http-body-util v0.1.5
    Checking tabula-session v0.0.0 (/Users/manh.pd1/Projects/Mine/tabula/crates/tabula-session)
    Checking mime v0.3.17
    Checking matchit v0.7.3
    Checking hyper-util v0.1.21
    Checking hmac v0.12.1
    Checking tabula-registry v0.0.0 (/Users/manh.pd1/Projects/Mine/tabula/crates/tabula-registry)
    Checking axum-core v0.4.5
   Compiling tabula-game-werewolf v0.0.0 (/Users/manh.pd1/Projects/Mine/tabula/games/werewolf)
    Checking bytemuck v1.25.2
    Checking js-sys v0.3.106
    Checking futures-executor v0.3.34
    Checking image v0.24.9
    Checking futures v0.3.34
    Checking tabula-net-client v0.0.0 (/Users/manh.pd1/Projects/Mine/tabula/crates/tabula-net-client)
    Checking tabula-match v0.0.0 (/Users/manh.pd1/Projects/Mine/tabula/crates/tabula-match)
   Compiling ring v0.17.14
    Checking sqlx-postgres v0.9.0
    Checking camino v1.2.5
   Compiling proc-macro-utils v0.10.0
    Checking event-listener-strategy v0.5.4
    Checking macroquad v0.4.16
    Checking axum v0.7.9
    Checking getrandom v0.2.17
    Checking zeroize v1.9.0
    Checking untrusted v0.9.0
    Checking rustls-pki-types v1.15.1
    Checking hydration_context v0.2.1
    Checking async-lock v3.4.2
    Checking core-foundation-sys v0.8.7
error: this function has too many lines (103/100)
   --> games/werewolf/src/presentation/mod.rs:488:5
    |
488 |     fn a11y(view: &View, local: &Self::Local) -> A11yDescription {
    |     ^^^^^^^^^^^^^^^^^^^^^^^^^^^^^^^^^^^^^^^^^^^^^^^^^^^^^^^^^^^^
    |
    = help: for further information visit https://rust-lang.github.io/rust-clippy/rust-1.96.0/index.html#too_many_lines
    = note: `-D clippy::too-many-lines` implied by `-D warnings`
    = help: to override `-D warnings` add `#[allow(clippy::too_many_lines)]`

    Checking tabula-render-macroquad v0.0.0 (/Users/manh.pd1/Projects/Mine/tabula/crates/tabula-render-macroquad)
   Compiling quote-use-macros v0.8.4
   Compiling manyhow-macros v0.11.4
error: could not compile `tabula-game-werewolf` (lib) due to 1 previous error
warning: build failed, waiting for other jobs to finish...

xtask check: FAILED at `cargo clippy --workspace --all-targets --all-features -- -D warnings`
