    Blocking waiting for file lock on build directory
   Compiling tabula-game-werewolf v0.0.0 (/Users/manh.pd1/Projects/Mine/tabula/games/werewolf)
    Finished `test` profile [unoptimized + debuginfo] target(s) in 9.45s
     Running unittests src/lib.rs (target/debug/deps/tabula_game_werewolf-db6a2948893ba591)

running 25 tests
test presentation::tests::current_announcement_does_not_repeat_previous_round_deaths_and_counts_current_batch ... ok
test presentation::tests::held_activation_cannot_reveal_after_conceal_restart_or_viewer_switch ... ok
test presentation::tests::keyboard_reveal_is_explicit_and_selection_is_labelled_before_command ... ok
test presentation::tests::focus_loss_public_switch_and_all_events_clear_private_local_state ... ok
test presentation::assets::tests::all_roles_and_back_resolve_at_both_densities_without_atlas_regions ... ok
test presentation::tests::outside_cannot_reveal_and_votes_work_without_role_reveal ... ok
test presentation::tests::four_semantic_theme_modes_keep_art_and_functional_labels_valid ... ok
test presentation::tests::compact_tabs_paging_and_responsive_controls_fit_320_to_1440 ... ok
test presentation::tests::public_death_batch_is_bounded_and_cancels_on_blur_reduction_or_unrelated_event ... ok
test presentation::tests::private_submission_report_inventory_and_mark_changes_have_no_concealed_output ... ok
test presentation::tests::concealed_render_and_accessibility_are_identical_for_all_six_roles ... ok
test presentation::tests::pointer_commands_roundtrip_through_real_rules_and_rejected_targets_do_not_emit ... ok
test presentation::tests::potion_type_and_own_hunter_mark_are_explicit_authorized_knowledge ... ok
test presentation::tests::simulator_host_requests_are_one_shot_and_conceal_immediately ... ok
test presentation::tests::tiny_positive_viewports_are_noninteractive_and_remove_private_output ... ok
test presentation::tests::public_deaths_dim_only_the_named_portraits_and_finish_without_frame_backlog ... ok
test presentation::tests::reveal_face_swap_cancels_immediately_and_reduced_motion_never_replays_backlog ... ok
test presentation::tests::twelve_portraits_and_primary_slot_are_visible_together_in_portrait_and_landscape ... ok
test presentation::tests::terminal_outcome_is_immediate_while_win_highlight_is_cancellable ... ok
test presentation::tests::voting_hint_and_paged_motion_control_have_real_nonoverlapping_slots ... ok
test presentation::tests::paging_witch_and_ballot_controls_do_not_overlap_and_modal_actions_are_closed ... ok
test presentation::tests::vote_badge_and_managed_image_ring_keep_semantic_contrast_and_stacking ... ok
test presentation::tests::role_phase_round_lifecycle_and_seat_replacements_fail_closed_before_input ... ok
test presentation::tests::explicit_reveal_emits_only_own_art_and_live_vietnamese_text_then_escape_conceals ... ok
test presentation::assets::tests::bounded_independent_images_match_pinned_metadata ... ok

test result: ok. 25 passed; 0 failed; 0 ignored; 0 measured; 0 filtered out; finished in 0.01s

