   Compiling tabula-web v0.0.0 (/Users/manh.pd1/Projects/Mine/tabula/apps/web)
    Finished `test` profile [unoptimized + debuginfo] target(s) in 10.28s
     Running unittests src/main.rs (target/debug/deps/tabula_web-20ed4f045421d383)

running 72 tests
test account::core::tests::browser_requires_exact_https_scheme ... ok
test account::core::tests::duplicate_first_context_cannot_match_recovery_context_in_same_generation ... ok
test account::core::tests::interrupted_refresh_cannot_restore_after_cancel_even_if_server_rotated_cookie ... ok
test account::core::tests::login_preauth_cancellation_never_switches_active_account_or_clears_logout_marker ... ok
test account::core::tests::context_then_subject_equal_profile_is_required ... ok
test account::core::tests::late_a_after_b_and_aborted_requests_never_repopulate_private_output ... ok
test account::core::tests::deliberate_login_retires_pending_preauth_then_refetches_before_retrying_lost_start ... ok
test account::core::tests::explicit_login_requires_current_signed_out_capability_and_is_single_flight ... ok
test account::core::tests::bounded_marker_merge_preserves_all_existing_targets_on_overflow_and_duplicates ... ok
test account::core::tests::corrupt_or_unavailable_storage_cannot_authorize_recovery_and_write_failure_still_revokes ... ok
test account::core::tests::lost_refresh_response_diagnoses_context_without_retrying_old_mutation ... ok
test account::core::tests::logout_after_route_revisit_only_uses_fresh_exact_target_context ... ok
test account::core::tests::malformed_success_body_does_not_confirm_logout_or_rotation ... ok
test account::core::tests::logout_cleanup_erases_reusable_retry_but_pending_intent_survives_route_revisit ... ok
test account::core::tests::logout_uncertainty_suppresses_profile_and_same_route_explicit_retry_can_revoke_terminal ... ok
test account::core::tests::cancelled_hidden_departed_and_replacement_login_cannot_navigate ... ok
test account::core::tests::merged_logout_markers_choose_only_current_exact_target_and_receipt_removes_only_it ... ok
test account::core::tests::private_body_transport_failure_after_headers_is_error_then_context_diagnosis ... ok
test account::core::tests::positional_and_duplicate_profile_are_not_accepted_as_objects ... ok
test account::core::tests::malformed_unknown_array_duplicate_and_unsupported_capabilities_fail_closed ... ok
test account::core::tests::refresh_rotation_refetches_context_but_does_not_assume_unexpired_authority ... ok
test account::core::tests::pending_logout_never_revokes_another_account_new_session_or_restarted_adapter_context ... ok
test account::core::tests::persisted_logout_is_bounded_non_authorizing_and_survives_offline_reload ... ok
test account::core::tests::repeated_clicks_are_single_flight_through_all_request_steps ... ok
test account::core::tests::persisted_logout_never_targets_replacement_or_unlocks_from_signed_out_absence ... ok
test account::core::tests::transport_and_request_debug_never_include_csrf_or_private_body ... ok
test account::core::tests::unavailable_is_distinct_from_signed_out_and_missing_lifecycle_hooks_fail_closed ... ok
test account::core::tests::provider_outage_and_failed_navigation_require_explicit_new_context ... ok
test account::core::tests::route_exit_cancel_hidden_and_restore_require_new_context_and_profile ... ok
test account::tests::failed_listener_setup_or_disposed_owner_cannot_bootstrap_or_mutate_new_route_core ... ok
test account::suppression::tests::target_receipt_cannot_remove_another_marker_or_clear_the_origin ... ok
test account::tests::hidden_hint_or_completion_stays_masked_until_visible_document_recovery ... ok
test account::tests::missed_pagehide_pending_request_is_retired_before_pageshow_recovery ... ok
test account::suppression::tests::every_cross_document_save_clear_order_preserves_unrevoked_other_target ... ok
test account::tests::replacement_route_bootstraps_before_old_owner_cleanup_and_completes_current_profile ... ok
test account::tests::overlapping_old_route_hooks_retire_only_old_work_before_owner_cleanup ... ok
test query::tests::a_zero_count_is_an_error_rather_than_a_silent_removal ... ok
test account::tests::stale_completion_cannot_take_new_request_cancellation_owner ... ok
test query::tests::an_empty_query_links_to_the_bare_library_route ... ok
test query::tests::an_empty_value_removes_its_constraint_without_an_error ... ok
test query::tests::an_unknown_key_is_ignored ... ok
test query::tests::an_unreadable_value_is_reported_and_left_unapplied ... ok
test i18n::tests::account_copy_is_installed_and_missing_keys_remain_visibly_labelled ... ok
test query::tests::every_axis_round_trips_through_the_address ... ok
test account::core::tests::rejected_provider_responses_never_navigate_or_restore_active_account ... ok
test setup::tests::a_game_id_that_is_not_in_the_catalog_has_no_draft ... ok
test setup::tests::a_supported_preselection_is_kept ... ok
test setup::tests::a_bot_level_is_only_sent_for_a_mode_that_uses_one ... ok
test setup::tests::a_fresh_draft_selects_a_supported_mode_and_the_games_own_defaults ... ok
test i18n::tests::shell_locales_have_unique_matching_keys_and_argument_shapes ... ok
test setup::tests::a_rejection_keeps_the_values_that_were_rejected ... ok
test setup::tests::a_result_for_the_current_revision_is_accepted ... ok
test setup::tests::a_pending_start_admits_neither_an_edit_nor_a_second_submission ... ok
test setup::tests::an_interrupted_validation_is_retired_before_its_result_returns ... ok
test setup::tests::a_refused_navigation_keeps_the_validated_config_for_recovery ... ok
test setup::tests::an_old_launch_result_cannot_finish_or_fail_a_new_pending_revision ... ok
test setup::tests::an_unresolvable_start_reports_its_reason_instead_of_a_started_match ... ok
test setup::tests::restored_editing_and_ready_states_are_not_an_automatic_launch ... ok
test setup::tests::an_unsupported_preselection_is_replaced_rather_than_carried ... ok
test views::account::tests::changed_session_context_never_offers_the_previous_logout_retry ... ok
test setup::tests::validation_is_scoped_to_one_revision ... ok
test setup::tests::editing_immediately_retires_readiness ... ok
test views::account::tests::dispositions_keep_their_distinct_public_meaning ... ok
test views::account::tests::login_control_requires_idle_signed_out_provider_capability ... ok
test views::account::tests::lifecycle_hidden_attribute_has_author_css_priority_over_profile_display ... ok
test views::account::tests::every_status_and_pending_operation_has_safe_localized_copy ... ok
test views::account::tests::private_field_is_only_selected_for_idle_current_self ... ok
test views::account::tests::private_node_key_changes_on_recheck_even_for_same_subject ... ok
test views::account::tests::static_login_action_is_a_labelled_explicit_button_without_credential_collection ... ok
test views::account::tests::static_self_component_is_read_only_marked_private_and_escapes_identifier ... ok
test setup::tests::restored_setup_retires_a_handoff_without_starting_another_game ... ok
test views::parts::tests::each_pair_of_preferences_names_its_own_generated_scheme ... ok

test result: ok. 72 passed; 0 failed; 0 ignored; 0 measured; 0 filtered out; finished in 0.00s

    Checking tabula-web v0.0.0 (/Users/manh.pd1/Projects/Mine/tabula/apps/web)
    Finished `dev` profile [unoptimized + debuginfo] target(s) in 5.65s
