$ rustc --edition=2024 /var/folders/75/8r6wfgxj0kx4vfxv2cwzqrh00000gn/T/tabula60-current-source-hash-gwoc4hm1/hash_current_sources.rs --extern blake3=/tmp/tabula60-target/debug/deps/libblake3-6c457eed15b280fc.rlib -L dependency=/tmp/tabula60-target/debug/deps -o /var/folders/75/8r6wfgxj0kx4vfxv2cwzqrh00000gn/T/tabula60-current-source-hash-gwoc4hm1/hash_current_sources
$ /var/folders/75/8r6wfgxj0kx4vfxv2cwzqrh00000gn/T/tabula60-current-source-hash-gwoc4hm1/hash_current_sources xtask/examples/embedding_fixture.rs games/tiles/src/presentation.rs
b24ca6e999408366e27b6be459172c08284e7865a566acc0b64c5a4a0d052f73 xtask/examples/embedding_fixture.rs
3bf7c3dba75a2c676844d5340e53e18ead9ba5aea718b030d32a0d5fa83b554a games/tiles/src/presentation.rs

{
  "compile_command": [
    "rustc",
    "--edition=2024",
    "/var/folders/75/8r6wfgxj0kx4vfxv2cwzqrh00000gn/T/tabula60-current-source-hash-gwoc4hm1/hash_current_sources.rs",
    "--extern",
    "blake3=/tmp/tabula60-target/debug/deps/libblake3-6c457eed15b280fc.rlib",
    "-L",
    "dependency=/tmp/tabula60-target/debug/deps",
    "-o",
    "/var/folders/75/8r6wfgxj0kx4vfxv2cwzqrh00000gn/T/tabula60-current-source-hash-gwoc4hm1/hash_current_sources"
  ],
  "compile_exit_code": 0,
  "checker_source_sha256": "2386a4b74244739739211105743355a53135191a6d9c43aa65eecbf89473e596",
  "dependency_rlib": "/tmp/tabula60-target/debug/deps/libblake3-6c457eed15b280fc.rlib",
  "dependency_rlib_sha256": "cc042433593a0d1be0501b957f957a7d1476742542a4cba455c060420dce3ff2",
  "run_command": [
    "/var/folders/75/8r6wfgxj0kx4vfxv2cwzqrh00000gn/T/tabula60-current-source-hash-gwoc4hm1/hash_current_sources",
    "xtask/examples/embedding_fixture.rs",
    "games/tiles/src/presentation.rs"
  ],
  "run_exit_code": 0,
  "comparison": {
    "tooling_current_source_matches_compiled_binding": true,
    "presenter_current_source_matches_compiled_binding": true
  },
  "current_blake3": {
    "xtask/examples/embedding_fixture.rs": "b24ca6e999408366e27b6be459172c08284e7865a566acc0b64c5a4a0d052f73",
    "games/tiles/src/presentation.rs": "3bf7c3dba75a2c676844d5340e53e18ead9ba5aea718b030d32a0d5fa83b554a"
  },
  "status": "PASS"
}
