$ npm test --prefix tools/renderer-embedding-spike

> tabula-renderer-embedding-spike@0.1.0 test
> node --test tests/*.test.mjs

TAP version 13
# Subtest: all actual Rust fixture frames validate against Rust generated descriptor
ok 1 - all actual Rust fixture frames validate against Rust generated descriptor
  ---
  duration_ms: 4.886958
  type: 'test'
  ...
# Subtest: view boundary rejects canonical fields and unknown nested draw fields
ok 2 - view boundary rejects canonical fields and unknown nested draw fields
  ---
  duration_ms: 1.947875
  type: 'test'
  ...
# Subtest: revision replay is rejected and caller mutation cannot change accepted view
ok 3 - revision replay is rejected and caller mutation cannot change accepted view
  ---
  duration_ms: 1.12675
  type: 'test'
  ...
# Subtest: numeric hostile input missing assets and scope cross closes are rejected
ok 4 - numeric hostile input missing assets and scope cross closes are rejected
  ---
  duration_ms: 1.374791
  type: 'test'
  ...
# Subtest: viewport dpi preference limits reject hostile values
ok 5 - viewport dpi preference limits reject hostile values
  ---
  duration_ms: 0.295291
  type: 'test'
  ...
# Subtest: origin source generation revision and exact envelope fields gate all iframe messages
ok 6 - origin source generation revision and exact envelope fields gate all iframe messages
  ---
  duration_ms: 1.6355
  type: 'test'
  ...
# Subtest: bridge one listener monotonic delivery dispose revokes sends and detached callbacks
ok 7 - bridge one listener monotonic delivery dispose revokes sends and detached callbacks
  ---
  duration_ms: 0.766625
  type: 'test'
  ...
# Subtest: prototype property names are never accepted as bridge message kinds
ok 8 - prototype property names are never accepted as bridge message kinds
  ---
  duration_ms: 0.367791
  type: 'test'
  ...
# Subtest: validated initialization revision rejects replay before the next bridge message
ok 9 - validated initialization revision rejects replay before the next bridge message
  ---
  duration_ms: 0.419625
  type: 'test'
  ...
# Subtest: current authored atlas bytes verify and decoded allocation bounds match PNG dimensions
ok 10 - current authored atlas bytes verify and decoded allocation bounds match PNG dimensions
  ---
  duration_ms: 16.687333
  type: 'test'
  ...
# Subtest: asset digest size and unsafe paths reject before image decode
ok 11 - asset digest size and unsafe paths reject before image decode
  ---
  duration_ms: 2.104917
  type: 'test'
  ...
# Subtest: PNG hostile header oversized pixels corrupt signature and descriptor mismatch reject predecode
ok 12 - PNG hostile header oversized pixels corrupt signature and descriptor mismatch reject predecode
  ---
  duration_ms: 0.228291
  type: 'test'
  ...
# Subtest: mock lifecycle repeats 20 mounts leaving zero owned canvases listeners RAF and textures
ok 13 - mock lifecycle repeats 20 mounts leaving zero owned canvases listeners RAF and textures
  ---
  duration_ms: 17.217583
  type: 'test'
  ...
# Subtest: dispose pending initialization prevents late attach; replacement owns its canvas
ok 14 - dispose pending initialization prevents late attach; replacement owns its canvas
  ---
  duration_ms: 0.214333
  type: 'test'
  ...
# Subtest: disposal revokes input before focus and pointer cleanup callbacks
ok 15 - disposal revokes input before focus and pointer cleanup callbacks
  ---
  duration_ms: 0.792709
  type: 'test'
  ...
# Subtest: pointercancel modal focus visibility suspend and DPI changes route finite typed inputs
ok 16 - pointercancel modal focus visibility suspend and DPI changes route finite typed inputs
  ---
  duration_ms: 1.058334
  type: 'test'
  ...
# Subtest: stale set_view has no visual commit; initialization and renderer errors clean owned resources
ok 17 - stale set_view has no visual commit; initialization and renderer errors clean owned resources
  ---
  duration_ms: 0.919833
  type: 'test'
  ...
# Subtest: actual Pixi local stroke geometry scales with camera zoom and inherited transform
ok 18 - actual Pixi local stroke geometry scales with camera zoom and inherited transform
  ---
  duration_ms: 3.150541
  type: 'test'
  ...
1..18
# tests 18
# suites 0
# pass 18
# fail 0
# cancelled 0
# skipped 0
# todo 0
# duration_ms 205.0325
