   Compiling tabula-game-chess v0.1.2 (/workspace/scratch/429f9ca90843/tabula-chess-design85-20261007/games/chess)
   Compiling tabula-game-client v0.0.0 (/workspace/scratch/429f9ca90843/tabula-chess-design85-20261007/apps/game-client)
    Finished `test` profile [unoptimized + debuginfo] target(s) in 5.15s
     Running unittests src/lib.rs (/workspace/scratch/429f9ca90843/chess85-validation/target/debug/deps/tabula_game_client-4c9fcc47d514790f)

running 60 tests
test fixture_assets::tests::duplicate_named_files_fail_before_any_graphics_upload ... ok
test brand::tests::composed_setup_rejects_duplicate_resource_metadata ... ok
test fixture_assets::tests::gameplay_and_setup_select_only_their_actual_density_file ... ok
test fixture_assets::tests::missing_named_cover_fails_instead_of_substituting_same_density_piece_bytes ... ok
test fixture_assets::tests::corrupted_and_truncated_selected_bytes_never_reach_decode_or_ready ... ok
test online::tests::accepted_batches_deliver_each_previous_and_current_public_projection ... ok
test online::tests::authority_loss_drops_projection_and_never_calls_game_presentation_again ... ok
test online::tests::definitive_rejection_cleans_local_motion_without_replacing_projection ... ok
test online::tests::explicit_denial_clears_projection_and_busy_retains_only_original_intent ... ok
test fixture_assets::tests::missing_selected_file_fails_before_decode_and_retries_after_source_recovers ... ok
test fixture_assets::tests::wrong_pack_version_game_and_undeclared_resources_fail_without_source_access ... ok
test online::tests::fresh_projection_with_changed_scope_is_read_only_and_never_runs_rules ... ok
test brand::tests::corrupted_embedded_mask_cannot_become_a_ready_sprite ... ok
test fixture_assets::tests::skip_setup_loads_no_cover_and_fetches_exact_manifest_path_once ... ok
test fixture_assets::tests::restart_and_density_return_do_not_refetch_or_redecode_ready_textures ... ok
test online::tests::initial_attachment_requires_one_snapshot_instead_of_choosing_stale_view ... ok
test online::tests::intents_never_run_rules_or_change_the_authoritative_projection ... ok
test brand::tests::gameplay_only_entry_preloads_no_brand_masks_or_cover ... ok
test online::tests::malformed_later_event_is_atomic_and_disconnects_before_any_view_is_replaced ... ok
test online::tests::malformed_resync_withdraws_private_output_even_if_called_without_prior_recover ... ok
test online::tests::recovery_drops_private_view_and_local_input_before_fresh_same_scope_retry ... ok
test runtime_ui::tests::all_existing_rejection_codes_have_controlled_copy_and_theme_names_are_exact ... ok
test online::tests::pending_or_disconnected_input_keeps_release_cleanup_without_sending ... ok
test runtime_ui::tests::board_arrows_do_not_steal_feedback_focus_and_blur_does_not_lose_a_fresh_press ... ok
test runtime_ui::tests::fatal_is_latched_and_only_the_new_game_action_recovers ... ok
test runtime_ui::tests::recovery_requires_matching_pointer_release_and_focus ... ok
test runtime_ui::tests::rejected_timer_stops_and_terminal_outcome_never_becomes_fatal ... ok
test runtime_ui::tests::rejection_is_non_authoritative_and_never_displays_detail ... ok
test tests::a_recorded_input_index_is_load_bearing_for_rng_derived_replay ... ok
test tests::accepted_local_dispatch_uses_public_projection_endpoints_and_rejection_cleans_local_only ... ok
test runtime_ui::tests::render_and_recovery_keep_screen_camera_tokens_and_target_floor_in_every_theme ... ok
test tests::clock_timer_reenters_rules_as_a_recorded_timer_input ... ok
test tests::audio_sink_failure_cannot_undo_an_accepted_move ... ok
test tests::cancellation_rearm_and_simultaneous_timer_order_are_stable ... ok
test tests::display_geometry_accepts_positive_finite_viewport_and_dpi ... ok
test tests::create_end_match_is_replayed_with_zero_accepted_inputs ... ok
test tests::a_second_games_moves_are_recorded_and_replayed_by_the_same_generic_machinery ... ok
test tests::corrupting_the_recorded_timer_logical_time_diverges_replay ... ok
test tests::display_geometry_rejects_zero_or_negative_dimensions ... ok
test tests::display_geometry_rejects_non_finite_or_zero_dpi ... ok
test tests::duplicate_end_match_is_rejected_without_overwriting_the_first_outcome ... ok
test tests::accepted_and_rejected_inputs_each_consume_one_index ... ok
test tests::a_real_multi_move_opening_sequence_replays_to_every_checkpoint_and_the_final_hash ... ok
test tests::exhausted_input_index_never_wraps_or_reuses_rng_domain ... ok
test tests::every_effect_has_an_explicit_local_interpretation_in_emitted_order ... ok
test tests::completed_feedback_keeps_keyboard_inspection_flip_and_intentional_restart_reachable ... ok
test brand::tests::setup_gameplay_setup_gameplay_keeps_textures_warm_and_original_gameplay_group ... ok
test tests::late_frame_replays_the_timer_at_its_deadline_not_frame_arrival ... ok
test tests::presenter_command_goes_through_game_rules_apply ... ok
test tests::logical_time_is_monotonic_for_stalled_and_backwards_frames ... ok
test tests::projection_is_rebuilt_from_state_after_accepted_transition ... ok
test tests::replay_oracle_rejects_multiple_end_match_effects - should panic ... ok
test tests::terminal_batched_presenter_input_retains_local_updates_but_discards_stale_intents ... ok
test tests::public_input_entry_cannot_overtake_a_due_timer ... ok
test tests::public_bot_entry_cannot_overtake_a_due_timer ... ok
test tests::locally_executed_bot_move_reuses_the_player_input_path ... ok
test tests::transient_invalid_viewport_resumes_without_state_mutation ... ok
test tests::ui_only_interaction_consumes_no_canonical_input_index ... ok
test brand::tests::exported_brand_masks_are_verified_white_transparent_outlines ... ok
test tests::presenter_produces_a_macroquad_supported_render_list_with_verified_art ... ok

test result: ok. 60 passed; 0 failed; 0 ignored; 0 measured; 0 filtered out; finished in 0.04s

     Running tests/local_match.rs (/workspace/scratch/429f9ca90843/chess85-validation/target/debug/deps/local_match-553ccdf40ce5328e)

running 15 tests
test chess_timer_deadline_terminates_match_canonically ... ok
test feedback_keyboard_focus_forwards_release_to_tiles_before_dismissal ... ok
test completion_release_while_hidden_and_resize_during_press_do_not_leave_a_restart_latch ... ok
test chess_pointer_input_and_presentation_workflow ... ok
test feedback_occlusion_cancels_tiles_drag_before_release_and_hover ... ok
test feedback_keeps_pointer_capture_through_escape_dismissal ... ok
test completion_repeats_and_interrupted_restart_require_a_fresh_activation ... ok
test panning_and_zooming_through_the_runtime_consume_no_canonical_input ... ok
test terminal_local_match_offers_restart_without_changing_its_result_or_trace ... ok
test shared_runtime_drives_both_chess_and_tiles_without_game_specific_branches ... ok
test completion_never_comes_from_a_rejection_and_reserves_the_final_chess_hud ... ok
test chess_presenter_produces_macroquad_supported_render_list_with_verified_art ... ok
test the_tiles_presenter_produces_a_macroquad_supported_render_list ... ok
test a_local_bot_can_take_the_seats_nobody_is_sitting_at ... ok
test a_whole_tiles_match_is_playable_through_pointer_and_keyboard_input ... ok

test result: ok. 15 passed; 0 failed; 0 ignored; 0 measured; 0 filtered out; finished in 0.10s

