---
source: games/chess/src/presentation/mod.rs
assertion_line: 3362
expression: "& $crate :: presentation ::\nrender_list_snapshot($crate :: presentation :: AsRenderList ::\nas_render_list(& list))"
---
camera origin=(0.000, 0.000) zoom=1.000
commands (total 100):
  0: rect [origin=(44.000, 571.000) size=(69.000, 69.000)] radii=uniform(0.000) fill=solid(#eae3edff) border=none layer=board(0) z=0
  1: rect [origin=(113.000, 571.000) size=(69.000, 69.000)] radii=uniform(0.000) fill=solid(#f4edf7ff) border=none layer=board(0) z=1
  2: rect [origin=(182.000, 571.000) size=(69.000, 69.000)] radii=uniform(0.000) fill=solid(#eae3edff) border=none layer=board(0) z=2
  3: rect [origin=(251.000, 571.000) size=(69.000, 69.000)] radii=uniform(0.000) fill=solid(#f4edf7ff) border=none layer=board(0) z=3
  4: rect [origin=(320.000, 571.000) size=(69.000, 69.000)] radii=uniform(0.000) fill=solid(#eae3edff) border=none layer=board(0) z=4
  5: rect [origin=(389.000, 571.000) size=(69.000, 69.000)] radii=uniform(0.000) fill=solid(#f4edf7ff) border=none layer=board(0) z=5
  6: rect [origin=(458.000, 571.000) size=(69.000, 69.000)] radii=uniform(0.000) fill=solid(#eae3edff) border=none layer=board(0) z=6
  7: rect [origin=(527.000, 571.000) size=(69.000, 69.000)] radii=uniform(0.000) fill=solid(#f4edf7ff) border=none layer=board(0) z=7
  8: rect [origin=(44.000, 502.000) size=(69.000, 69.000)] radii=uniform(0.000) fill=solid(#f4edf7ff) border=none layer=board(0) z=8
  9: rect [origin=(113.000, 502.000) size=(69.000, 69.000)] radii=uniform(0.000) fill=solid(#eae3edff) border=none layer=board(0) z=9
  10: rect [origin=(182.000, 502.000) size=(69.000, 69.000)] radii=uniform(0.000) fill=solid(#f4edf7ff) border=none layer=board(0) z=10
  11: rect [origin=(251.000, 502.000) size=(69.000, 69.000)] radii=uniform(0.000) fill=solid(#eae3edff) border=none layer=board(0) z=11
  12: rect [origin=(320.000, 502.000) size=(69.000, 69.000)] radii=uniform(0.000) fill=solid(#f4edf7ff) border=none layer=board(0) z=12
  13: rect [origin=(389.000, 502.000) size=(69.000, 69.000)] radii=uniform(0.000) fill=solid(#eae3edff) border=none layer=board(0) z=13
  14: rect [origin=(458.000, 502.000) size=(69.000, 69.000)] radii=uniform(0.000) fill=solid(#f4edf7ff) border=none layer=board(0) z=14
  15: rect [origin=(527.000, 502.000) size=(69.000, 69.000)] radii=uniform(0.000) fill=solid(#eae3edff) border=none layer=board(0) z=15
  16: rect [origin=(44.000, 433.000) size=(69.000, 69.000)] radii=uniform(0.000) fill=solid(#eae3edff) border=none layer=board(0) z=16
  17: rect [origin=(113.000, 433.000) size=(69.000, 69.000)] radii=uniform(0.000) fill=solid(#f4edf7ff) border=none layer=board(0) z=17
  18: rect [origin=(182.000, 433.000) size=(69.000, 69.000)] radii=uniform(0.000) fill=solid(#eae3edff) border=none layer=board(0) z=18
  19: rect [origin=(251.000, 433.000) size=(69.000, 69.000)] radii=uniform(0.000) fill=solid(#f4edf7ff) border=none layer=board(0) z=19
  20: rect [origin=(320.000, 433.000) size=(69.000, 69.000)] radii=uniform(0.000) fill=solid(#eae3edff) border=none layer=board(0) z=20
  21: rect [origin=(389.000, 433.000) size=(69.000, 69.000)] radii=uniform(0.000) fill=solid(#f4edf7ff) border=none layer=board(0) z=21
  22: rect [origin=(458.000, 433.000) size=(69.000, 69.000)] radii=uniform(0.000) fill=solid(#eae3edff) border=none layer=board(0) z=22
  23: rect [origin=(527.000, 433.000) size=(69.000, 69.000)] radii=uniform(0.000) fill=solid(#f4edf7ff) border=none layer=board(0) z=23
  24: rect [origin=(44.000, 364.000) size=(69.000, 69.000)] radii=uniform(0.000) fill=solid(#f4edf7ff) border=none layer=board(0) z=24
  25: rect [origin=(113.000, 364.000) size=(69.000, 69.000)] radii=uniform(0.000) fill=solid(#eae3edff) border=none layer=board(0) z=25
  26: rect [origin=(182.000, 364.000) size=(69.000, 69.000)] radii=uniform(0.000) fill=solid(#f4edf7ff) border=none layer=board(0) z=26
  27: rect [origin=(251.000, 364.000) size=(69.000, 69.000)] radii=uniform(0.000) fill=solid(#eae3edff) border=none layer=board(0) z=27
  28: rect [origin=(320.000, 364.000) size=(69.000, 69.000)] radii=uniform(0.000) fill=solid(#f4edf7ff) border=none layer=board(0) z=28
  29: rect [origin=(389.000, 364.000) size=(69.000, 69.000)] radii=uniform(0.000) fill=solid(#eae3edff) border=none layer=board(0) z=29
  30: rect [origin=(458.000, 364.000) size=(69.000, 69.000)] radii=uniform(0.000) fill=solid(#f4edf7ff) border=none layer=board(0) z=30
  31: rect [origin=(527.000, 364.000) size=(69.000, 69.000)] radii=uniform(0.000) fill=solid(#eae3edff) border=none layer=board(0) z=31
  32: rect [origin=(44.000, 295.000) size=(69.000, 69.000)] radii=uniform(0.000) fill=solid(#eae3edff) border=none layer=board(0) z=32
  33: rect [origin=(113.000, 295.000) size=(69.000, 69.000)] radii=uniform(0.000) fill=solid(#f4edf7ff) border=none layer=board(0) z=33
  34: rect [origin=(182.000, 295.000) size=(69.000, 69.000)] radii=uniform(0.000) fill=solid(#eae3edff) border=none layer=board(0) z=34
  35: rect [origin=(251.000, 295.000) size=(69.000, 69.000)] radii=uniform(0.000) fill=solid(#f4edf7ff) border=none layer=board(0) z=35
  36: rect [origin=(320.000, 295.000) size=(69.000, 69.000)] radii=uniform(0.000) fill=solid(#eae3edff) border=none layer=board(0) z=36
  37: rect [origin=(389.000, 295.000) size=(69.000, 69.000)] radii=uniform(0.000) fill=solid(#f4edf7ff) border=none layer=board(0) z=37
  38: rect [origin=(458.000, 295.000) size=(69.000, 69.000)] radii=uniform(0.000) fill=solid(#eae3edff) border=none layer=board(0) z=38
  39: rect [origin=(527.000, 295.000) size=(69.000, 69.000)] radii=uniform(0.000) fill=solid(#f4edf7ff) border=none layer=board(0) z=39
  40: rect [origin=(44.000, 226.000) size=(69.000, 69.000)] radii=uniform(0.000) fill=solid(#f4edf7ff) border=none layer=board(0) z=40
  41: rect [origin=(113.000, 226.000) size=(69.000, 69.000)] radii=uniform(0.000) fill=solid(#eae3edff) border=none layer=board(0) z=41
  42: rect [origin=(182.000, 226.000) size=(69.000, 69.000)] radii=uniform(0.000) fill=solid(#f4edf7ff) border=none layer=board(0) z=42
  43: rect [origin=(251.000, 226.000) size=(69.000, 69.000)] radii=uniform(0.000) fill=solid(#eae3edff) border=none layer=board(0) z=43
  44: rect [origin=(320.000, 226.000) size=(69.000, 69.000)] radii=uniform(0.000) fill=solid(#f4edf7ff) border=none layer=board(0) z=44
  45: rect [origin=(389.000, 226.000) size=(69.000, 69.000)] radii=uniform(0.000) fill=solid(#eae3edff) border=none layer=board(0) z=45
  46: rect [origin=(458.000, 226.000) size=(69.000, 69.000)] radii=uniform(0.000) fill=solid(#f4edf7ff) border=none layer=board(0) z=46
  47: rect [origin=(527.000, 226.000) size=(69.000, 69.000)] radii=uniform(0.000) fill=solid(#eae3edff) border=none layer=board(0) z=47
  48: rect [origin=(44.000, 157.000) size=(69.000, 69.000)] radii=uniform(0.000) fill=solid(#eae3edff) border=none layer=board(0) z=48
  49: rect [origin=(113.000, 157.000) size=(69.000, 69.000)] radii=uniform(0.000) fill=solid(#f4edf7ff) border=none layer=board(0) z=49
  50: rect [origin=(182.000, 157.000) size=(69.000, 69.000)] radii=uniform(0.000) fill=solid(#eae3edff) border=none layer=board(0) z=50
  51: rect [origin=(251.000, 157.000) size=(69.000, 69.000)] radii=uniform(0.000) fill=solid(#f4edf7ff) border=none layer=board(0) z=51
  52: rect [origin=(320.000, 157.000) size=(69.000, 69.000)] radii=uniform(0.000) fill=solid(#eae3edff) border=none layer=board(0) z=52
  53: rect [origin=(389.000, 157.000) size=(69.000, 69.000)] radii=uniform(0.000) fill=solid(#f4edf7ff) border=none layer=board(0) z=53
  54: rect [origin=(458.000, 157.000) size=(69.000, 69.000)] radii=uniform(0.000) fill=solid(#eae3edff) border=none layer=board(0) z=54
  55: rect [origin=(527.000, 157.000) size=(69.000, 69.000)] radii=uniform(0.000) fill=solid(#f4edf7ff) border=none layer=board(0) z=55
  56: rect [origin=(44.000, 88.000) size=(69.000, 69.000)] radii=uniform(0.000) fill=solid(#f4edf7ff) border=none layer=board(0) z=56
  57: rect [origin=(113.000, 88.000) size=(69.000, 69.000)] radii=uniform(0.000) fill=solid(#eae3edff) border=none layer=board(0) z=57
  58: rect [origin=(182.000, 88.000) size=(69.000, 69.000)] radii=uniform(0.000) fill=solid(#f4edf7ff) border=none layer=board(0) z=58
  59: rect [origin=(251.000, 88.000) size=(69.000, 69.000)] radii=uniform(0.000) fill=solid(#eae3edff) border=none layer=board(0) z=59
  60: rect [origin=(320.000, 88.000) size=(69.000, 69.000)] radii=uniform(0.000) fill=solid(#f4edf7ff) border=none layer=board(0) z=60
  61: rect [origin=(389.000, 88.000) size=(69.000, 69.000)] radii=uniform(0.000) fill=solid(#eae3edff) border=none layer=board(0) z=61
  62: rect [origin=(458.000, 88.000) size=(69.000, 69.000)] radii=uniform(0.000) fill=solid(#f4edf7ff) border=none layer=board(0) z=62
  63: rect [origin=(527.000, 88.000) size=(69.000, 69.000)] radii=uniform(0.000) fill=solid(#eae3edff) border=none layer=board(0) z=63
  64: text "R" at=(78.500, 583.500) style=DisplaySm align=Center max_width=none color=#1e1c21ff layer=pieces(10) z=0
  65: text "N" at=(147.500, 583.500) style=DisplaySm align=Center max_width=none color=#1e1c21ff layer=pieces(10) z=1
  66: text "B" at=(216.500, 583.500) style=DisplaySm align=Center max_width=none color=#1e1c21ff layer=pieces(10) z=2
  67: text "Q" at=(285.500, 583.500) style=DisplaySm align=Center max_width=none color=#1e1c21ff layer=pieces(10) z=3
  68: text "K" at=(354.500, 583.500) style=DisplaySm align=Center max_width=none color=#1e1c21ff layer=pieces(10) z=4
  69: text "B" at=(423.500, 583.500) style=DisplaySm align=Center max_width=none color=#1e1c21ff layer=pieces(10) z=5
  70: text "N" at=(492.500, 583.500) style=DisplaySm align=Center max_width=none color=#1e1c21ff layer=pieces(10) z=6
  71: text "R" at=(561.500, 583.500) style=DisplaySm align=Center max_width=none color=#1e1c21ff layer=pieces(10) z=7
  72: text "P" at=(78.500, 514.500) style=DisplaySm align=Center max_width=none color=#1e1c21ff layer=pieces(10) z=8
  73: text "P" at=(147.500, 514.500) style=DisplaySm align=Center max_width=none color=#1e1c21ff layer=pieces(10) z=9
  74: text "P" at=(216.500, 514.500) style=DisplaySm align=Center max_width=none color=#1e1c21ff layer=pieces(10) z=10
  75: text "P" at=(285.500, 514.500) style=DisplaySm align=Center max_width=none color=#1e1c21ff layer=pieces(10) z=11
  76: text "P" at=(423.500, 514.500) style=DisplaySm align=Center max_width=none color=#1e1c21ff layer=pieces(10) z=13
  77: text "P" at=(492.500, 514.500) style=DisplaySm align=Center max_width=none color=#1e1c21ff layer=pieces(10) z=14
  78: text "P" at=(561.500, 514.500) style=DisplaySm align=Center max_width=none color=#1e1c21ff layer=pieces(10) z=15
  79: text "p" at=(78.500, 169.500) style=DisplaySm align=Center max_width=none color=#4b4650ff layer=pieces(10) z=48
  80: text "p" at=(147.500, 169.500) style=DisplaySm align=Center max_width=none color=#4b4650ff layer=pieces(10) z=49
  81: text "p" at=(216.500, 169.500) style=DisplaySm align=Center max_width=none color=#4b4650ff layer=pieces(10) z=50
  82: text "p" at=(285.500, 169.500) style=DisplaySm align=Center max_width=none color=#4b4650ff layer=pieces(10) z=51
  83: text "p" at=(354.500, 169.500) style=DisplaySm align=Center max_width=none color=#4b4650ff layer=pieces(10) z=52
  84: text "p" at=(423.500, 169.500) style=DisplaySm align=Center max_width=none color=#4b4650ff layer=pieces(10) z=53
  85: text "p" at=(492.500, 169.500) style=DisplaySm align=Center max_width=none color=#4b4650ff layer=pieces(10) z=54
  86: text "p" at=(561.500, 169.500) style=DisplaySm align=Center max_width=none color=#4b4650ff layer=pieces(10) z=55
  87: text "r" at=(78.500, 100.500) style=DisplaySm align=Center max_width=none color=#4b4650ff layer=pieces(10) z=56
  88: text "n" at=(147.500, 100.500) style=DisplaySm align=Center max_width=none color=#4b4650ff layer=pieces(10) z=57
  89: text "b" at=(216.500, 100.500) style=DisplaySm align=Center max_width=none color=#4b4650ff layer=pieces(10) z=58
  90: text "q" at=(285.500, 100.500) style=DisplaySm align=Center max_width=none color=#4b4650ff layer=pieces(10) z=59
  91: text "k" at=(354.500, 100.500) style=DisplaySm align=Center max_width=none color=#4b4650ff layer=pieces(10) z=60
  92: text "b" at=(423.500, 100.500) style=DisplaySm align=Center max_width=none color=#4b4650ff layer=pieces(10) z=61
  93: text "n" at=(492.500, 100.500) style=DisplaySm align=Center max_width=none color=#4b4650ff layer=pieces(10) z=62
  94: text "r" at=(561.500, 100.500) style=DisplaySm align=Center max_width=none color=#4b4650ff layer=pieces(10) z=63
  95: text "P" at=(354.500, 463.621) style=DisplaySm align=Center max_width=none color=#1e1c21ff layer=pieces(10) z=100
  96: rect [origin=(320.000, 502.000) size=(69.000, 69.000)] radii=uniform(0.000) fill=none border=[width=3.000 color=#b07000ff] layer=overlay(20) z=0
  97: rect [origin=(320.000, 364.000) size=(69.000, 69.000)] radii=uniform(0.000) fill=none border=[width=3.000 color=#b07000ff] layer=overlay(20) z=0
  98: rect [origin=(0.000, 0.000) size=(640.000, 88.000)] radii=uniform(16.000) fill=solid(#f4edf7ff) border=none layer=hud(30) z=0
  99: text "Black to move" at=(320.000, 2.000) style=TitleSm align=Center max_width=624.000 color=#1e1c21ff layer=hud(30) z=1
