---
source: games/chess/src/presentation/mod.rs
expression: "& $crate :: presentation ::\nrender_list_snapshot($crate :: presentation :: AsRenderList ::\nas_render_list(& list))"
---
camera origin=(0.000, 0.000) zoom=1.000
commands (total 101):
  0: rect [origin=(24.000, 566.000) size=(74.000, 74.000)] radii=uniform(0.000) fill=solid(#2b282fff) border=none layer=board(0) z=0
  1: rect [origin=(98.000, 566.000) size=(74.000, 74.000)] radii=uniform(0.000) fill=solid(#1e1c21ff) border=none layer=board(0) z=1
  2: rect [origin=(172.000, 566.000) size=(74.000, 74.000)] radii=uniform(0.000) fill=solid(#2b282fff) border=none layer=board(0) z=2
  3: rect [origin=(246.000, 566.000) size=(74.000, 74.000)] radii=uniform(0.000) fill=solid(#1e1c21ff) border=none layer=board(0) z=3
  4: rect [origin=(320.000, 566.000) size=(74.000, 74.000)] radii=uniform(0.000) fill=solid(#2b282fff) border=none layer=board(0) z=4
  5: rect [origin=(394.000, 566.000) size=(74.000, 74.000)] radii=uniform(0.000) fill=solid(#1e1c21ff) border=none layer=board(0) z=5
  6: rect [origin=(468.000, 566.000) size=(74.000, 74.000)] radii=uniform(0.000) fill=solid(#2b282fff) border=none layer=board(0) z=6
  7: rect [origin=(542.000, 566.000) size=(74.000, 74.000)] radii=uniform(0.000) fill=solid(#1e1c21ff) border=none layer=board(0) z=7
  8: rect [origin=(24.000, 492.000) size=(74.000, 74.000)] radii=uniform(0.000) fill=solid(#1e1c21ff) border=none layer=board(0) z=8
  9: rect [origin=(98.000, 492.000) size=(74.000, 74.000)] radii=uniform(0.000) fill=solid(#2b282fff) border=none layer=board(0) z=9
  10: rect [origin=(172.000, 492.000) size=(74.000, 74.000)] radii=uniform(0.000) fill=solid(#1e1c21ff) border=none layer=board(0) z=10
  11: rect [origin=(246.000, 492.000) size=(74.000, 74.000)] radii=uniform(0.000) fill=solid(#2b282fff) border=none layer=board(0) z=11
  12: rect [origin=(320.000, 492.000) size=(74.000, 74.000)] radii=uniform(0.000) fill=solid(#1e1c21ff) border=none layer=board(0) z=12
  13: rect [origin=(394.000, 492.000) size=(74.000, 74.000)] radii=uniform(0.000) fill=solid(#2b282fff) border=none layer=board(0) z=13
  14: rect [origin=(468.000, 492.000) size=(74.000, 74.000)] radii=uniform(0.000) fill=solid(#1e1c21ff) border=none layer=board(0) z=14
  15: rect [origin=(542.000, 492.000) size=(74.000, 74.000)] radii=uniform(0.000) fill=solid(#2b282fff) border=none layer=board(0) z=15
  16: rect [origin=(24.000, 418.000) size=(74.000, 74.000)] radii=uniform(0.000) fill=solid(#2b282fff) border=none layer=board(0) z=16
  17: rect [origin=(98.000, 418.000) size=(74.000, 74.000)] radii=uniform(0.000) fill=solid(#1e1c21ff) border=none layer=board(0) z=17
  18: rect [origin=(172.000, 418.000) size=(74.000, 74.000)] radii=uniform(0.000) fill=solid(#2b282fff) border=none layer=board(0) z=18
  19: rect [origin=(246.000, 418.000) size=(74.000, 74.000)] radii=uniform(0.000) fill=solid(#1e1c21ff) border=none layer=board(0) z=19
  20: rect [origin=(320.000, 418.000) size=(74.000, 74.000)] radii=uniform(0.000) fill=solid(#2b282fff) border=none layer=board(0) z=20
  21: rect [origin=(394.000, 418.000) size=(74.000, 74.000)] radii=uniform(0.000) fill=solid(#1e1c21ff) border=none layer=board(0) z=21
  22: rect [origin=(468.000, 418.000) size=(74.000, 74.000)] radii=uniform(0.000) fill=solid(#2b282fff) border=none layer=board(0) z=22
  23: rect [origin=(542.000, 418.000) size=(74.000, 74.000)] radii=uniform(0.000) fill=solid(#1e1c21ff) border=none layer=board(0) z=23
  24: rect [origin=(24.000, 344.000) size=(74.000, 74.000)] radii=uniform(0.000) fill=solid(#1e1c21ff) border=none layer=board(0) z=24
  25: rect [origin=(98.000, 344.000) size=(74.000, 74.000)] radii=uniform(0.000) fill=solid(#2b282fff) border=none layer=board(0) z=25
  26: rect [origin=(172.000, 344.000) size=(74.000, 74.000)] radii=uniform(0.000) fill=solid(#1e1c21ff) border=none layer=board(0) z=26
  27: rect [origin=(246.000, 344.000) size=(74.000, 74.000)] radii=uniform(0.000) fill=solid(#2b282fff) border=none layer=board(0) z=27
  28: rect [origin=(320.000, 344.000) size=(74.000, 74.000)] radii=uniform(0.000) fill=solid(#1e1c21ff) border=none layer=board(0) z=28
  29: rect [origin=(394.000, 344.000) size=(74.000, 74.000)] radii=uniform(0.000) fill=solid(#2b282fff) border=none layer=board(0) z=29
  30: rect [origin=(468.000, 344.000) size=(74.000, 74.000)] radii=uniform(0.000) fill=solid(#1e1c21ff) border=none layer=board(0) z=30
  31: rect [origin=(542.000, 344.000) size=(74.000, 74.000)] radii=uniform(0.000) fill=solid(#2b282fff) border=none layer=board(0) z=31
  32: rect [origin=(24.000, 270.000) size=(74.000, 74.000)] radii=uniform(0.000) fill=solid(#2b282fff) border=none layer=board(0) z=32
  33: rect [origin=(98.000, 270.000) size=(74.000, 74.000)] radii=uniform(0.000) fill=solid(#1e1c21ff) border=none layer=board(0) z=33
  34: rect [origin=(172.000, 270.000) size=(74.000, 74.000)] radii=uniform(0.000) fill=solid(#2b282fff) border=none layer=board(0) z=34
  35: rect [origin=(246.000, 270.000) size=(74.000, 74.000)] radii=uniform(0.000) fill=solid(#1e1c21ff) border=none layer=board(0) z=35
  36: rect [origin=(320.000, 270.000) size=(74.000, 74.000)] radii=uniform(0.000) fill=solid(#2b282fff) border=none layer=board(0) z=36
  37: rect [origin=(394.000, 270.000) size=(74.000, 74.000)] radii=uniform(0.000) fill=solid(#1e1c21ff) border=none layer=board(0) z=37
  38: rect [origin=(468.000, 270.000) size=(74.000, 74.000)] radii=uniform(0.000) fill=solid(#2b282fff) border=none layer=board(0) z=38
  39: rect [origin=(542.000, 270.000) size=(74.000, 74.000)] radii=uniform(0.000) fill=solid(#1e1c21ff) border=none layer=board(0) z=39
  40: rect [origin=(24.000, 196.000) size=(74.000, 74.000)] radii=uniform(0.000) fill=solid(#1e1c21ff) border=none layer=board(0) z=40
  41: rect [origin=(98.000, 196.000) size=(74.000, 74.000)] radii=uniform(0.000) fill=solid(#2b282fff) border=none layer=board(0) z=41
  42: rect [origin=(172.000, 196.000) size=(74.000, 74.000)] radii=uniform(0.000) fill=solid(#1e1c21ff) border=none layer=board(0) z=42
  43: rect [origin=(246.000, 196.000) size=(74.000, 74.000)] radii=uniform(0.000) fill=solid(#2b282fff) border=none layer=board(0) z=43
  44: rect [origin=(320.000, 196.000) size=(74.000, 74.000)] radii=uniform(0.000) fill=solid(#1e1c21ff) border=none layer=board(0) z=44
  45: rect [origin=(394.000, 196.000) size=(74.000, 74.000)] radii=uniform(0.000) fill=solid(#2b282fff) border=none layer=board(0) z=45
  46: rect [origin=(468.000, 196.000) size=(74.000, 74.000)] radii=uniform(0.000) fill=solid(#1e1c21ff) border=none layer=board(0) z=46
  47: rect [origin=(542.000, 196.000) size=(74.000, 74.000)] radii=uniform(0.000) fill=solid(#2b282fff) border=none layer=board(0) z=47
  48: rect [origin=(24.000, 122.000) size=(74.000, 74.000)] radii=uniform(0.000) fill=solid(#2b282fff) border=none layer=board(0) z=48
  49: rect [origin=(98.000, 122.000) size=(74.000, 74.000)] radii=uniform(0.000) fill=solid(#1e1c21ff) border=none layer=board(0) z=49
  50: rect [origin=(172.000, 122.000) size=(74.000, 74.000)] radii=uniform(0.000) fill=solid(#2b282fff) border=none layer=board(0) z=50
  51: rect [origin=(246.000, 122.000) size=(74.000, 74.000)] radii=uniform(0.000) fill=solid(#1e1c21ff) border=none layer=board(0) z=51
  52: rect [origin=(320.000, 122.000) size=(74.000, 74.000)] radii=uniform(0.000) fill=solid(#2b282fff) border=none layer=board(0) z=52
  53: rect [origin=(394.000, 122.000) size=(74.000, 74.000)] radii=uniform(0.000) fill=solid(#1e1c21ff) border=none layer=board(0) z=53
  54: rect [origin=(468.000, 122.000) size=(74.000, 74.000)] radii=uniform(0.000) fill=solid(#2b282fff) border=none layer=board(0) z=54
  55: rect [origin=(542.000, 122.000) size=(74.000, 74.000)] radii=uniform(0.000) fill=solid(#1e1c21ff) border=none layer=board(0) z=55
  56: rect [origin=(24.000, 48.000) size=(74.000, 74.000)] radii=uniform(0.000) fill=solid(#1e1c21ff) border=none layer=board(0) z=56
  57: rect [origin=(98.000, 48.000) size=(74.000, 74.000)] radii=uniform(0.000) fill=solid(#2b282fff) border=none layer=board(0) z=57
  58: rect [origin=(172.000, 48.000) size=(74.000, 74.000)] radii=uniform(0.000) fill=solid(#1e1c21ff) border=none layer=board(0) z=58
  59: rect [origin=(246.000, 48.000) size=(74.000, 74.000)] radii=uniform(0.000) fill=solid(#2b282fff) border=none layer=board(0) z=59
  60: rect [origin=(320.000, 48.000) size=(74.000, 74.000)] radii=uniform(0.000) fill=solid(#1e1c21ff) border=none layer=board(0) z=60
  61: rect [origin=(394.000, 48.000) size=(74.000, 74.000)] radii=uniform(0.000) fill=solid(#2b282fff) border=none layer=board(0) z=61
  62: rect [origin=(468.000, 48.000) size=(74.000, 74.000)] radii=uniform(0.000) fill=solid(#1e1c21ff) border=none layer=board(0) z=62
  63: rect [origin=(542.000, 48.000) size=(74.000, 74.000)] radii=uniform(0.000) fill=solid(#2b282fff) border=none layer=board(0) z=63
  64: text "R" at=(61.000, 581.000) style=DisplaySm align=Center max_width=none color=#e7e1e5ff layer=pieces(10) z=0
  65: text "N" at=(135.000, 581.000) style=DisplaySm align=Center max_width=none color=#e7e1e5ff layer=pieces(10) z=1
  66: text "B" at=(209.000, 581.000) style=DisplaySm align=Center max_width=none color=#e7e1e5ff layer=pieces(10) z=2
  67: text "Q" at=(283.000, 581.000) style=DisplaySm align=Center max_width=none color=#e7e1e5ff layer=pieces(10) z=3
  68: text "K" at=(357.000, 581.000) style=DisplaySm align=Center max_width=none color=#e7e1e5ff layer=pieces(10) z=4
  69: text "B" at=(431.000, 581.000) style=DisplaySm align=Center max_width=none color=#e7e1e5ff layer=pieces(10) z=5
  70: text "N" at=(505.000, 581.000) style=DisplaySm align=Center max_width=none color=#e7e1e5ff layer=pieces(10) z=6
  71: text "R" at=(579.000, 581.000) style=DisplaySm align=Center max_width=none color=#e7e1e5ff layer=pieces(10) z=7
  72: text "P" at=(61.000, 507.000) style=DisplaySm align=Center max_width=none color=#e7e1e5ff layer=pieces(10) z=8
  73: text "P" at=(135.000, 507.000) style=DisplaySm align=Center max_width=none color=#e7e1e5ff layer=pieces(10) z=9
  74: text "P" at=(209.000, 507.000) style=DisplaySm align=Center max_width=none color=#e7e1e5ff layer=pieces(10) z=10
  75: text "P" at=(283.000, 507.000) style=DisplaySm align=Center max_width=none color=#e7e1e5ff layer=pieces(10) z=11
  76: text "P" at=(357.000, 507.000) style=DisplaySm align=Center max_width=none color=#e7e1e5ff layer=pieces(10) z=12
  77: text "P" at=(431.000, 507.000) style=DisplaySm align=Center max_width=none color=#e7e1e5ff layer=pieces(10) z=13
  78: text "P" at=(505.000, 507.000) style=DisplaySm align=Center max_width=none color=#e7e1e5ff layer=pieces(10) z=14
  79: text "P" at=(579.000, 507.000) style=DisplaySm align=Center max_width=none color=#e7e1e5ff layer=pieces(10) z=15
  80: text "p" at=(61.000, 137.000) style=DisplaySm align=Center max_width=none color=#cac3ceff layer=pieces(10) z=48
  81: text "p" at=(135.000, 137.000) style=DisplaySm align=Center max_width=none color=#cac3ceff layer=pieces(10) z=49
  82: text "p" at=(209.000, 137.000) style=DisplaySm align=Center max_width=none color=#cac3ceff layer=pieces(10) z=50
  83: text "p" at=(283.000, 137.000) style=DisplaySm align=Center max_width=none color=#cac3ceff layer=pieces(10) z=51
  84: text "p" at=(357.000, 137.000) style=DisplaySm align=Center max_width=none color=#cac3ceff layer=pieces(10) z=52
  85: text "p" at=(431.000, 137.000) style=DisplaySm align=Center max_width=none color=#cac3ceff layer=pieces(10) z=53
  86: text "p" at=(505.000, 137.000) style=DisplaySm align=Center max_width=none color=#cac3ceff layer=pieces(10) z=54
  87: text "p" at=(579.000, 137.000) style=DisplaySm align=Center max_width=none color=#cac3ceff layer=pieces(10) z=55
  88: text "r" at=(61.000, 63.000) style=DisplaySm align=Center max_width=none color=#cac3ceff layer=pieces(10) z=56
  89: text "n" at=(135.000, 63.000) style=DisplaySm align=Center max_width=none color=#cac3ceff layer=pieces(10) z=57
  90: text "b" at=(209.000, 63.000) style=DisplaySm align=Center max_width=none color=#cac3ceff layer=pieces(10) z=58
  91: text "q" at=(283.000, 63.000) style=DisplaySm align=Center max_width=none color=#cac3ceff layer=pieces(10) z=59
  92: text "k" at=(357.000, 63.000) style=DisplaySm align=Center max_width=none color=#cac3ceff layer=pieces(10) z=60
  93: text "b" at=(431.000, 63.000) style=DisplaySm align=Center max_width=none color=#cac3ceff layer=pieces(10) z=61
  94: text "n" at=(505.000, 63.000) style=DisplaySm align=Center max_width=none color=#cac3ceff layer=pieces(10) z=62
  95: text "r" at=(579.000, 63.000) style=DisplaySm align=Center max_width=none color=#cac3ceff layer=pieces(10) z=63
  96: rect [origin=(348.860, 446.860) size=(16.280, 16.280)] radii=uniform(8.140) fill=solid(#74f8a6ff) border=none layer=overlay(20) z=20
  97: rect [origin=(348.860, 372.860) size=(16.280, 16.280)] radii=uniform(8.140) fill=solid(#74f8a6ff) border=none layer=overlay(20) z=28
  98: rect [origin=(320.000, 492.000) size=(74.000, 74.000)] radii=uniform(0.000) fill=none border=[width=3.000 color=#cfbcffff] layer=overlay(20) z=100
  99: rect [origin=(320.000, 344.000) size=(74.000, 74.000)] radii=uniform(0.000) fill=none border=[width=3.000 color=#cfbcffff] layer=overlay(20) z=150
  100: text "Your turn — White" at=(320.000, 10.000) style=TitleLg align=Center max_width=none color=#e7e1e5ff layer=hud(30) z=0
