---
source: games/chess/src/presentation/mod.rs
expression: "& $crate :: presentation ::\nrender_list_snapshot($crate :: presentation :: AsRenderList ::\nas_render_list(& list))"
---
camera origin=(0.000, 0.000) zoom=1.000
commands (total 399):
  0: rect [origin=(0.000, 0.000) size=(640.000, 640.000)] radii=uniform(0.000) fill=solid(#f5f0e6ff) border=none layer=board(0) z=-10
  1: rect [origin=(138.000, 101.600) size=(364.000, 364.000)] radii=uniform(16.000) fill=solid(#302a33ff) border=none layer=board(0) z=-10
  2: push-opacity opacity=0.320 layer=board(0) z=-9
  3: rect [origin=(138.000, 101.600) size=(364.000, 364.000)] radii=uniform(7.800) fill=solid(#4c4e58ff) border=none layer=board(0) z=0
  4: pop-opacity layer=board(0) z=-9
  5: rect [origin=(138.000, 106.640) size=(364.000, 358.960)] radii=uniform(7.800) fill=solid(#302a33ff) border=none layer=board(0) z=-8
  6: rect [origin=(138.000, 101.600) size=(364.000, 358.960)] radii=uniform(7.800) fill=gradient(from=(138.000, 101.600) to=(502.000, 460.560) stops=[#665368ff@0.000, #302a33ff@0.450, #665368ff@1.000]) border=[width=1.000 color=#cfad77ff] layer=board(0) z=-7
  7: push-opacity opacity=0.320 layer=board(0) z=-6
  8: rect [origin=(142.000, 105.600) size=(356.000, 350.960)] radii=uniform(3.800) fill=none border=[width=1.000 color=#cfad77ff] layer=board(0) z=0
  9: pop-opacity layer=board(0) z=-6
  10: rect [origin=(150.000, 113.600) size=(340.000, 340.000)] radii=uniform(0.000) fill=none border=[width=2.000 color=#302a33ff] layer=board(0) z=-5
  11: rect [origin=(150.000, 411.100) size=(42.500, 42.500)] radii=uniform(0.000) fill=solid(#665368ff) border=none layer=board(0) z=0
  12: rect [origin=(192.500, 411.100) size=(42.500, 42.500)] radii=uniform(0.000) fill=solid(#d0bdadff) border=none layer=board(0) z=1
  13: rect [origin=(235.000, 411.100) size=(42.500, 42.500)] radii=uniform(0.000) fill=solid(#665368ff) border=none layer=board(0) z=2
  14: rect [origin=(277.500, 411.100) size=(42.500, 42.500)] radii=uniform(0.000) fill=solid(#d0bdadff) border=none layer=board(0) z=3
  15: rect [origin=(320.000, 411.100) size=(42.500, 42.500)] radii=uniform(0.000) fill=solid(#665368ff) border=none layer=board(0) z=4
  16: rect [origin=(362.500, 411.100) size=(42.500, 42.500)] radii=uniform(0.000) fill=solid(#d0bdadff) border=none layer=board(0) z=5
  17: rect [origin=(405.000, 411.100) size=(42.500, 42.500)] radii=uniform(0.000) fill=solid(#665368ff) border=none layer=board(0) z=6
  18: rect [origin=(447.500, 411.100) size=(42.500, 42.500)] radii=uniform(0.000) fill=solid(#d0bdadff) border=none layer=board(0) z=7
  19: rect [origin=(150.000, 368.600) size=(42.500, 42.500)] radii=uniform(0.000) fill=solid(#d0bdadff) border=none layer=board(0) z=8
  20: rect [origin=(192.500, 368.600) size=(42.500, 42.500)] radii=uniform(0.000) fill=solid(#665368ff) border=none layer=board(0) z=9
  21: rect [origin=(235.000, 368.600) size=(42.500, 42.500)] radii=uniform(0.000) fill=solid(#d0bdadff) border=none layer=board(0) z=10
  22: rect [origin=(277.500, 368.600) size=(42.500, 42.500)] radii=uniform(0.000) fill=solid(#665368ff) border=none layer=board(0) z=11
  23: rect [origin=(320.000, 368.600) size=(42.500, 42.500)] radii=uniform(0.000) fill=solid(#d0bdadff) border=none layer=board(0) z=12
  24: rect [origin=(362.500, 368.600) size=(42.500, 42.500)] radii=uniform(0.000) fill=solid(#665368ff) border=none layer=board(0) z=13
  25: rect [origin=(405.000, 368.600) size=(42.500, 42.500)] radii=uniform(0.000) fill=solid(#d0bdadff) border=none layer=board(0) z=14
  26: rect [origin=(447.500, 368.600) size=(42.500, 42.500)] radii=uniform(0.000) fill=solid(#665368ff) border=none layer=board(0) z=15
  27: rect [origin=(150.000, 326.100) size=(42.500, 42.500)] radii=uniform(0.000) fill=solid(#665368ff) border=none layer=board(0) z=16
  28: rect [origin=(192.500, 326.100) size=(42.500, 42.500)] radii=uniform(0.000) fill=solid(#d0bdadff) border=none layer=board(0) z=17
  29: rect [origin=(235.000, 326.100) size=(42.500, 42.500)] radii=uniform(0.000) fill=solid(#665368ff) border=none layer=board(0) z=18
  30: rect [origin=(277.500, 326.100) size=(42.500, 42.500)] radii=uniform(0.000) fill=solid(#d0bdadff) border=none layer=board(0) z=19
  31: rect [origin=(320.000, 326.100) size=(42.500, 42.500)] radii=uniform(0.000) fill=solid(#665368ff) border=none layer=board(0) z=20
  32: rect [origin=(362.500, 326.100) size=(42.500, 42.500)] radii=uniform(0.000) fill=solid(#d0bdadff) border=none layer=board(0) z=21
  33: rect [origin=(405.000, 326.100) size=(42.500, 42.500)] radii=uniform(0.000) fill=solid(#665368ff) border=none layer=board(0) z=22
  34: rect [origin=(447.500, 326.100) size=(42.500, 42.500)] radii=uniform(0.000) fill=solid(#d0bdadff) border=none layer=board(0) z=23
  35: rect [origin=(150.000, 283.600) size=(42.500, 42.500)] radii=uniform(0.000) fill=solid(#d0bdadff) border=none layer=board(0) z=24
  36: rect [origin=(192.500, 283.600) size=(42.500, 42.500)] radii=uniform(0.000) fill=solid(#665368ff) border=none layer=board(0) z=25
  37: rect [origin=(235.000, 283.600) size=(42.500, 42.500)] radii=uniform(0.000) fill=solid(#d0bdadff) border=none layer=board(0) z=26
  38: rect [origin=(277.500, 283.600) size=(42.500, 42.500)] radii=uniform(0.000) fill=solid(#665368ff) border=none layer=board(0) z=27
  39: rect [origin=(320.000, 283.600) size=(42.500, 42.500)] radii=uniform(0.000) fill=solid(#d0bdadff) border=none layer=board(0) z=28
  40: rect [origin=(362.500, 283.600) size=(42.500, 42.500)] radii=uniform(0.000) fill=solid(#665368ff) border=none layer=board(0) z=29
  41: rect [origin=(405.000, 283.600) size=(42.500, 42.500)] radii=uniform(0.000) fill=solid(#d0bdadff) border=none layer=board(0) z=30
  42: rect [origin=(447.500, 283.600) size=(42.500, 42.500)] radii=uniform(0.000) fill=solid(#665368ff) border=none layer=board(0) z=31
  43: rect [origin=(150.000, 241.100) size=(42.500, 42.500)] radii=uniform(0.000) fill=solid(#665368ff) border=none layer=board(0) z=32
  44: rect [origin=(192.500, 241.100) size=(42.500, 42.500)] radii=uniform(0.000) fill=solid(#d0bdadff) border=none layer=board(0) z=33
  45: rect [origin=(235.000, 241.100) size=(42.500, 42.500)] radii=uniform(0.000) fill=solid(#665368ff) border=none layer=board(0) z=34
  46: rect [origin=(277.500, 241.100) size=(42.500, 42.500)] radii=uniform(0.000) fill=solid(#d0bdadff) border=none layer=board(0) z=35
  47: rect [origin=(320.000, 241.100) size=(42.500, 42.500)] radii=uniform(0.000) fill=solid(#665368ff) border=none layer=board(0) z=36
  48: rect [origin=(362.500, 241.100) size=(42.500, 42.500)] radii=uniform(0.000) fill=solid(#d0bdadff) border=none layer=board(0) z=37
  49: rect [origin=(405.000, 241.100) size=(42.500, 42.500)] radii=uniform(0.000) fill=solid(#665368ff) border=none layer=board(0) z=38
  50: rect [origin=(447.500, 241.100) size=(42.500, 42.500)] radii=uniform(0.000) fill=solid(#d0bdadff) border=none layer=board(0) z=39
  51: rect [origin=(150.000, 198.600) size=(42.500, 42.500)] radii=uniform(0.000) fill=solid(#d0bdadff) border=none layer=board(0) z=40
  52: rect [origin=(192.500, 198.600) size=(42.500, 42.500)] radii=uniform(0.000) fill=solid(#665368ff) border=none layer=board(0) z=41
  53: rect [origin=(235.000, 198.600) size=(42.500, 42.500)] radii=uniform(0.000) fill=solid(#d0bdadff) border=none layer=board(0) z=42
  54: rect [origin=(277.500, 198.600) size=(42.500, 42.500)] radii=uniform(0.000) fill=solid(#665368ff) border=none layer=board(0) z=43
  55: rect [origin=(320.000, 198.600) size=(42.500, 42.500)] radii=uniform(0.000) fill=solid(#d0bdadff) border=none layer=board(0) z=44
  56: rect [origin=(362.500, 198.600) size=(42.500, 42.500)] radii=uniform(0.000) fill=solid(#665368ff) border=none layer=board(0) z=45
  57: rect [origin=(405.000, 198.600) size=(42.500, 42.500)] radii=uniform(0.000) fill=solid(#d0bdadff) border=none layer=board(0) z=46
  58: rect [origin=(447.500, 198.600) size=(42.500, 42.500)] radii=uniform(0.000) fill=solid(#665368ff) border=none layer=board(0) z=47
  59: rect [origin=(150.000, 156.100) size=(42.500, 42.500)] radii=uniform(0.000) fill=solid(#665368ff) border=none layer=board(0) z=48
  60: rect [origin=(192.500, 156.100) size=(42.500, 42.500)] radii=uniform(0.000) fill=solid(#d0bdadff) border=none layer=board(0) z=49
  61: rect [origin=(235.000, 156.100) size=(42.500, 42.500)] radii=uniform(0.000) fill=solid(#665368ff) border=none layer=board(0) z=50
  62: rect [origin=(277.500, 156.100) size=(42.500, 42.500)] radii=uniform(0.000) fill=solid(#d0bdadff) border=none layer=board(0) z=51
  63: rect [origin=(320.000, 156.100) size=(42.500, 42.500)] radii=uniform(0.000) fill=solid(#665368ff) border=none layer=board(0) z=52
  64: rect [origin=(362.500, 156.100) size=(42.500, 42.500)] radii=uniform(0.000) fill=solid(#d0bdadff) border=none layer=board(0) z=53
  65: rect [origin=(405.000, 156.100) size=(42.500, 42.500)] radii=uniform(0.000) fill=solid(#665368ff) border=none layer=board(0) z=54
  66: rect [origin=(447.500, 156.100) size=(42.500, 42.500)] radii=uniform(0.000) fill=solid(#d0bdadff) border=none layer=board(0) z=55
  67: rect [origin=(150.000, 113.600) size=(42.500, 42.500)] radii=uniform(0.000) fill=solid(#d0bdadff) border=none layer=board(0) z=56
  68: rect [origin=(192.500, 113.600) size=(42.500, 42.500)] radii=uniform(0.000) fill=solid(#665368ff) border=none layer=board(0) z=57
  69: rect [origin=(235.000, 113.600) size=(42.500, 42.500)] radii=uniform(0.000) fill=solid(#d0bdadff) border=none layer=board(0) z=58
  70: rect [origin=(277.500, 113.600) size=(42.500, 42.500)] radii=uniform(0.000) fill=solid(#665368ff) border=none layer=board(0) z=59
  71: rect [origin=(320.000, 113.600) size=(42.500, 42.500)] radii=uniform(0.000) fill=solid(#d0bdadff) border=none layer=board(0) z=60
  72: rect [origin=(362.500, 113.600) size=(42.500, 42.500)] radii=uniform(0.000) fill=solid(#665368ff) border=none layer=board(0) z=61
  73: rect [origin=(405.000, 113.600) size=(42.500, 42.500)] radii=uniform(0.000) fill=solid(#d0bdadff) border=none layer=board(0) z=62
  74: rect [origin=(447.500, 113.600) size=(42.500, 42.500)] radii=uniform(0.000) fill=solid(#665368ff) border=none layer=board(0) z=63
  75: sprite asset="board/grain" rect=[origin=(150.000, 411.100) size=(42.500, 42.500)] tint=#ffffffff rotation=0.000 pivot=(171.250, 432.350) layer=board(0) z=64
  76: sprite asset="board/grain" rect=[origin=(192.500, 411.100) size=(42.500, 42.500)] tint=#ffffffff rotation=0.000 pivot=(213.750, 432.350) layer=board(0) z=65
  77: sprite asset="board/grain" rect=[origin=(235.000, 411.100) size=(42.500, 42.500)] tint=#ffffffff rotation=0.000 pivot=(256.250, 432.350) layer=board(0) z=66
  78: sprite asset="board/grain" rect=[origin=(277.500, 411.100) size=(42.500, 42.500)] tint=#ffffffff rotation=0.000 pivot=(298.750, 432.350) layer=board(0) z=67
  79: sprite asset="board/grain" rect=[origin=(320.000, 411.100) size=(42.500, 42.500)] tint=#ffffffff rotation=0.000 pivot=(341.250, 432.350) layer=board(0) z=68
  80: sprite asset="board/grain" rect=[origin=(362.500, 411.100) size=(42.500, 42.500)] tint=#ffffffff rotation=0.000 pivot=(383.750, 432.350) layer=board(0) z=69
  81: sprite asset="board/grain" rect=[origin=(405.000, 411.100) size=(42.500, 42.500)] tint=#ffffffff rotation=0.000 pivot=(426.250, 432.350) layer=board(0) z=70
  82: sprite asset="board/grain" rect=[origin=(447.500, 411.100) size=(42.500, 42.500)] tint=#ffffffff rotation=0.000 pivot=(468.750, 432.350) layer=board(0) z=71
  83: sprite asset="board/grain" rect=[origin=(150.000, 368.600) size=(42.500, 42.500)] tint=#ffffffff rotation=0.000 pivot=(171.250, 389.850) layer=board(0) z=72
  84: sprite asset="board/grain" rect=[origin=(192.500, 368.600) size=(42.500, 42.500)] tint=#ffffffff rotation=0.000 pivot=(213.750, 389.850) layer=board(0) z=73
  85: sprite asset="board/grain" rect=[origin=(235.000, 368.600) size=(42.500, 42.500)] tint=#ffffffff rotation=0.000 pivot=(256.250, 389.850) layer=board(0) z=74
  86: sprite asset="board/grain" rect=[origin=(277.500, 368.600) size=(42.500, 42.500)] tint=#ffffffff rotation=0.000 pivot=(298.750, 389.850) layer=board(0) z=75
  87: sprite asset="board/grain" rect=[origin=(320.000, 368.600) size=(42.500, 42.500)] tint=#ffffffff rotation=0.000 pivot=(341.250, 389.850) layer=board(0) z=76
  88: sprite asset="board/grain" rect=[origin=(362.500, 368.600) size=(42.500, 42.500)] tint=#ffffffff rotation=0.000 pivot=(383.750, 389.850) layer=board(0) z=77
  89: sprite asset="board/grain" rect=[origin=(405.000, 368.600) size=(42.500, 42.500)] tint=#ffffffff rotation=0.000 pivot=(426.250, 389.850) layer=board(0) z=78
  90: sprite asset="board/grain" rect=[origin=(447.500, 368.600) size=(42.500, 42.500)] tint=#ffffffff rotation=0.000 pivot=(468.750, 389.850) layer=board(0) z=79
  91: sprite asset="board/grain" rect=[origin=(150.000, 326.100) size=(42.500, 42.500)] tint=#ffffffff rotation=0.000 pivot=(171.250, 347.350) layer=board(0) z=80
  92: sprite asset="board/grain" rect=[origin=(192.500, 326.100) size=(42.500, 42.500)] tint=#ffffffff rotation=0.000 pivot=(213.750, 347.350) layer=board(0) z=81
  93: sprite asset="board/grain" rect=[origin=(235.000, 326.100) size=(42.500, 42.500)] tint=#ffffffff rotation=0.000 pivot=(256.250, 347.350) layer=board(0) z=82
  94: sprite asset="board/grain" rect=[origin=(277.500, 326.100) size=(42.500, 42.500)] tint=#ffffffff rotation=0.000 pivot=(298.750, 347.350) layer=board(0) z=83
  95: sprite asset="board/grain" rect=[origin=(320.000, 326.100) size=(42.500, 42.500)] tint=#ffffffff rotation=0.000 pivot=(341.250, 347.350) layer=board(0) z=84
  96: sprite asset="board/grain" rect=[origin=(362.500, 326.100) size=(42.500, 42.500)] tint=#ffffffff rotation=0.000 pivot=(383.750, 347.350) layer=board(0) z=85
  97: sprite asset="board/grain" rect=[origin=(405.000, 326.100) size=(42.500, 42.500)] tint=#ffffffff rotation=0.000 pivot=(426.250, 347.350) layer=board(0) z=86
  98: sprite asset="board/grain" rect=[origin=(447.500, 326.100) size=(42.500, 42.500)] tint=#ffffffff rotation=0.000 pivot=(468.750, 347.350) layer=board(0) z=87
  99: sprite asset="board/grain" rect=[origin=(150.000, 283.600) size=(42.500, 42.500)] tint=#ffffffff rotation=0.000 pivot=(171.250, 304.850) layer=board(0) z=88
  100: sprite asset="board/grain" rect=[origin=(192.500, 283.600) size=(42.500, 42.500)] tint=#ffffffff rotation=0.000 pivot=(213.750, 304.850) layer=board(0) z=89
  101: sprite asset="board/grain" rect=[origin=(235.000, 283.600) size=(42.500, 42.500)] tint=#ffffffff rotation=0.000 pivot=(256.250, 304.850) layer=board(0) z=90
  102: sprite asset="board/grain" rect=[origin=(277.500, 283.600) size=(42.500, 42.500)] tint=#ffffffff rotation=0.000 pivot=(298.750, 304.850) layer=board(0) z=91
  103: sprite asset="board/grain" rect=[origin=(320.000, 283.600) size=(42.500, 42.500)] tint=#ffffffff rotation=0.000 pivot=(341.250, 304.850) layer=board(0) z=92
  104: sprite asset="board/grain" rect=[origin=(362.500, 283.600) size=(42.500, 42.500)] tint=#ffffffff rotation=0.000 pivot=(383.750, 304.850) layer=board(0) z=93
  105: sprite asset="board/grain" rect=[origin=(405.000, 283.600) size=(42.500, 42.500)] tint=#ffffffff rotation=0.000 pivot=(426.250, 304.850) layer=board(0) z=94
  106: sprite asset="board/grain" rect=[origin=(447.500, 283.600) size=(42.500, 42.500)] tint=#ffffffff rotation=0.000 pivot=(468.750, 304.850) layer=board(0) z=95
  107: sprite asset="board/grain" rect=[origin=(150.000, 241.100) size=(42.500, 42.500)] tint=#ffffffff rotation=0.000 pivot=(171.250, 262.350) layer=board(0) z=96
  108: sprite asset="board/grain" rect=[origin=(192.500, 241.100) size=(42.500, 42.500)] tint=#ffffffff rotation=0.000 pivot=(213.750, 262.350) layer=board(0) z=97
  109: sprite asset="board/grain" rect=[origin=(235.000, 241.100) size=(42.500, 42.500)] tint=#ffffffff rotation=0.000 pivot=(256.250, 262.350) layer=board(0) z=98
  110: sprite asset="board/grain" rect=[origin=(277.500, 241.100) size=(42.500, 42.500)] tint=#ffffffff rotation=0.000 pivot=(298.750, 262.350) layer=board(0) z=99
  111: sprite asset="board/grain" rect=[origin=(320.000, 241.100) size=(42.500, 42.500)] tint=#ffffffff rotation=0.000 pivot=(341.250, 262.350) layer=board(0) z=100
  112: sprite asset="board/grain" rect=[origin=(362.500, 241.100) size=(42.500, 42.500)] tint=#ffffffff rotation=0.000 pivot=(383.750, 262.350) layer=board(0) z=101
  113: sprite asset="board/grain" rect=[origin=(405.000, 241.100) size=(42.500, 42.500)] tint=#ffffffff rotation=0.000 pivot=(426.250, 262.350) layer=board(0) z=102
  114: sprite asset="board/grain" rect=[origin=(447.500, 241.100) size=(42.500, 42.500)] tint=#ffffffff rotation=0.000 pivot=(468.750, 262.350) layer=board(0) z=103
  115: sprite asset="board/grain" rect=[origin=(150.000, 198.600) size=(42.500, 42.500)] tint=#ffffffff rotation=0.000 pivot=(171.250, 219.850) layer=board(0) z=104
  116: sprite asset="board/grain" rect=[origin=(192.500, 198.600) size=(42.500, 42.500)] tint=#ffffffff rotation=0.000 pivot=(213.750, 219.850) layer=board(0) z=105
  117: sprite asset="board/grain" rect=[origin=(235.000, 198.600) size=(42.500, 42.500)] tint=#ffffffff rotation=0.000 pivot=(256.250, 219.850) layer=board(0) z=106
  118: sprite asset="board/grain" rect=[origin=(277.500, 198.600) size=(42.500, 42.500)] tint=#ffffffff rotation=0.000 pivot=(298.750, 219.850) layer=board(0) z=107
  119: sprite asset="board/grain" rect=[origin=(320.000, 198.600) size=(42.500, 42.500)] tint=#ffffffff rotation=0.000 pivot=(341.250, 219.850) layer=board(0) z=108
  120: sprite asset="board/grain" rect=[origin=(362.500, 198.600) size=(42.500, 42.500)] tint=#ffffffff rotation=0.000 pivot=(383.750, 219.850) layer=board(0) z=109
  121: sprite asset="board/grain" rect=[origin=(405.000, 198.600) size=(42.500, 42.500)] tint=#ffffffff rotation=0.000 pivot=(426.250, 219.850) layer=board(0) z=110
  122: sprite asset="board/grain" rect=[origin=(447.500, 198.600) size=(42.500, 42.500)] tint=#ffffffff rotation=0.000 pivot=(468.750, 219.850) layer=board(0) z=111
  123: sprite asset="board/grain" rect=[origin=(150.000, 156.100) size=(42.500, 42.500)] tint=#ffffffff rotation=0.000 pivot=(171.250, 177.350) layer=board(0) z=112
  124: sprite asset="board/grain" rect=[origin=(192.500, 156.100) size=(42.500, 42.500)] tint=#ffffffff rotation=0.000 pivot=(213.750, 177.350) layer=board(0) z=113
  125: sprite asset="board/grain" rect=[origin=(235.000, 156.100) size=(42.500, 42.500)] tint=#ffffffff rotation=0.000 pivot=(256.250, 177.350) layer=board(0) z=114
  126: sprite asset="board/grain" rect=[origin=(277.500, 156.100) size=(42.500, 42.500)] tint=#ffffffff rotation=0.000 pivot=(298.750, 177.350) layer=board(0) z=115
  127: sprite asset="board/grain" rect=[origin=(320.000, 156.100) size=(42.500, 42.500)] tint=#ffffffff rotation=0.000 pivot=(341.250, 177.350) layer=board(0) z=116
  128: sprite asset="board/grain" rect=[origin=(362.500, 156.100) size=(42.500, 42.500)] tint=#ffffffff rotation=0.000 pivot=(383.750, 177.350) layer=board(0) z=117
  129: sprite asset="board/grain" rect=[origin=(405.000, 156.100) size=(42.500, 42.500)] tint=#ffffffff rotation=0.000 pivot=(426.250, 177.350) layer=board(0) z=118
  130: sprite asset="board/grain" rect=[origin=(447.500, 156.100) size=(42.500, 42.500)] tint=#ffffffff rotation=0.000 pivot=(468.750, 177.350) layer=board(0) z=119
  131: sprite asset="board/grain" rect=[origin=(150.000, 113.600) size=(42.500, 42.500)] tint=#ffffffff rotation=0.000 pivot=(171.250, 134.850) layer=board(0) z=120
  132: sprite asset="board/grain" rect=[origin=(192.500, 113.600) size=(42.500, 42.500)] tint=#ffffffff rotation=0.000 pivot=(213.750, 134.850) layer=board(0) z=121
  133: sprite asset="board/grain" rect=[origin=(235.000, 113.600) size=(42.500, 42.500)] tint=#ffffffff rotation=0.000 pivot=(256.250, 134.850) layer=board(0) z=122
  134: sprite asset="board/grain" rect=[origin=(277.500, 113.600) size=(42.500, 42.500)] tint=#ffffffff rotation=0.000 pivot=(298.750, 134.850) layer=board(0) z=123
  135: sprite asset="board/grain" rect=[origin=(320.000, 113.600) size=(42.500, 42.500)] tint=#ffffffff rotation=0.000 pivot=(341.250, 134.850) layer=board(0) z=124
  136: sprite asset="board/grain" rect=[origin=(362.500, 113.600) size=(42.500, 42.500)] tint=#ffffffff rotation=0.000 pivot=(383.750, 134.850) layer=board(0) z=125
  137: sprite asset="board/grain" rect=[origin=(405.000, 113.600) size=(42.500, 42.500)] tint=#ffffffff rotation=0.000 pivot=(426.250, 134.850) layer=board(0) z=126
  138: sprite asset="board/grain" rect=[origin=(447.500, 113.600) size=(42.500, 42.500)] tint=#ffffffff rotation=0.000 pivot=(468.750, 134.850) layer=board(0) z=127
  139: push-opacity opacity=0.070 layer=pieces(10) z=0
  140: rect [origin=(157.106, 445.950) size=(28.288, 3.808)] radii=uniform(1.904) fill=solid(#302a33ff) border=none layer=pieces(10) z=0
  141: pop-opacity layer=pieces(10) z=0
  142: push-opacity opacity=0.120 layer=pieces(10) z=0
  143: rect [origin=(160.200, 445.950) size=(22.100, 2.975)] radii=uniform(1.487) fill=solid(#302a33ff) border=none layer=pieces(10) z=0
  144: pop-opacity layer=pieces(10) z=0
  145: sprite asset="pieces/white-rook" rect=[origin=(150.637, 411.738) size=(41.225, 41.225)] tint=#ffffffff rotation=0.000 pivot=(171.250, 432.350) layer=pieces(10) z=0
  146: push-opacity opacity=0.070 layer=pieces(10) z=1
  147: rect [origin=(199.606, 445.950) size=(28.288, 3.808)] radii=uniform(1.904) fill=solid(#302a33ff) border=none layer=pieces(10) z=1
  148: pop-opacity layer=pieces(10) z=1
  149: push-opacity opacity=0.120 layer=pieces(10) z=1
  150: rect [origin=(202.700, 445.950) size=(22.100, 2.975)] radii=uniform(1.487) fill=solid(#302a33ff) border=none layer=pieces(10) z=1
  151: pop-opacity layer=pieces(10) z=1
  152: sprite asset="pieces/white-knight" rect=[origin=(193.137, 411.738) size=(41.225, 41.225)] tint=#ffffffff rotation=0.000 pivot=(213.750, 432.350) layer=pieces(10) z=1
  153: push-opacity opacity=0.070 layer=pieces(10) z=2
  154: rect [origin=(242.106, 445.950) size=(28.288, 3.808)] radii=uniform(1.904) fill=solid(#302a33ff) border=none layer=pieces(10) z=2
  155: pop-opacity layer=pieces(10) z=2
  156: push-opacity opacity=0.120 layer=pieces(10) z=2
  157: rect [origin=(245.200, 445.950) size=(22.100, 2.975)] radii=uniform(1.487) fill=solid(#302a33ff) border=none layer=pieces(10) z=2
  158: pop-opacity layer=pieces(10) z=2
  159: sprite asset="pieces/white-bishop" rect=[origin=(235.637, 411.738) size=(41.225, 41.225)] tint=#ffffffff rotation=0.000 pivot=(256.250, 432.350) layer=pieces(10) z=2
  160: push-opacity opacity=0.070 layer=pieces(10) z=3
  161: rect [origin=(284.606, 445.950) size=(28.288, 3.808)] radii=uniform(1.904) fill=solid(#302a33ff) border=none layer=pieces(10) z=3
  162: pop-opacity layer=pieces(10) z=3
  163: push-opacity opacity=0.120 layer=pieces(10) z=3
  164: rect [origin=(287.700, 445.950) size=(22.100, 2.975)] radii=uniform(1.487) fill=solid(#302a33ff) border=none layer=pieces(10) z=3
  165: pop-opacity layer=pieces(10) z=3
  166: sprite asset="pieces/white-queen" rect=[origin=(278.138, 411.738) size=(41.225, 41.225)] tint=#ffffffff rotation=0.000 pivot=(298.750, 432.350) layer=pieces(10) z=3
  167: push-opacity opacity=0.070 layer=pieces(10) z=4
  168: rect [origin=(327.106, 445.950) size=(28.288, 3.808)] radii=uniform(1.904) fill=solid(#302a33ff) border=none layer=pieces(10) z=4
  169: pop-opacity layer=pieces(10) z=4
  170: push-opacity opacity=0.120 layer=pieces(10) z=4
  171: rect [origin=(330.200, 445.950) size=(22.100, 2.975)] radii=uniform(1.487) fill=solid(#302a33ff) border=none layer=pieces(10) z=4
  172: pop-opacity layer=pieces(10) z=4
  173: sprite asset="pieces/white-king" rect=[origin=(320.638, 411.738) size=(41.225, 41.225)] tint=#ffffffff rotation=0.000 pivot=(341.250, 432.350) layer=pieces(10) z=4
  174: push-opacity opacity=0.070 layer=pieces(10) z=5
  175: rect [origin=(369.606, 445.950) size=(28.288, 3.808)] radii=uniform(1.904) fill=solid(#302a33ff) border=none layer=pieces(10) z=5
  176: pop-opacity layer=pieces(10) z=5
  177: push-opacity opacity=0.120 layer=pieces(10) z=5
  178: rect [origin=(372.700, 445.950) size=(22.100, 2.975)] radii=uniform(1.487) fill=solid(#302a33ff) border=none layer=pieces(10) z=5
  179: pop-opacity layer=pieces(10) z=5
  180: sprite asset="pieces/white-bishop" rect=[origin=(363.138, 411.738) size=(41.225, 41.225)] tint=#ffffffff rotation=0.000 pivot=(383.750, 432.350) layer=pieces(10) z=5
  181: push-opacity opacity=0.070 layer=pieces(10) z=6
  182: rect [origin=(412.106, 445.950) size=(28.288, 3.808)] radii=uniform(1.904) fill=solid(#302a33ff) border=none layer=pieces(10) z=6
  183: pop-opacity layer=pieces(10) z=6
  184: push-opacity opacity=0.120 layer=pieces(10) z=6
  185: rect [origin=(415.200, 445.950) size=(22.100, 2.975)] radii=uniform(1.487) fill=solid(#302a33ff) border=none layer=pieces(10) z=6
  186: pop-opacity layer=pieces(10) z=6
  187: sprite asset="pieces/white-knight" rect=[origin=(405.638, 411.738) size=(41.225, 41.225)] tint=#ffffffff rotation=0.000 pivot=(426.250, 432.350) layer=pieces(10) z=6
  188: push-opacity opacity=0.070 layer=pieces(10) z=7
  189: rect [origin=(454.606, 445.950) size=(28.288, 3.808)] radii=uniform(1.904) fill=solid(#302a33ff) border=none layer=pieces(10) z=7
  190: pop-opacity layer=pieces(10) z=7
  191: push-opacity opacity=0.120 layer=pieces(10) z=7
  192: rect [origin=(457.700, 445.950) size=(22.100, 2.975)] radii=uniform(1.487) fill=solid(#302a33ff) border=none layer=pieces(10) z=7
  193: pop-opacity layer=pieces(10) z=7
  194: sprite asset="pieces/white-rook" rect=[origin=(448.138, 411.738) size=(41.225, 41.225)] tint=#ffffffff rotation=0.000 pivot=(468.750, 432.350) layer=pieces(10) z=7
  195: push-opacity opacity=0.070 layer=pieces(10) z=8
  196: rect [origin=(157.106, 403.450) size=(28.288, 3.808)] radii=uniform(1.904) fill=solid(#302a33ff) border=none layer=pieces(10) z=8
  197: pop-opacity layer=pieces(10) z=8
  198: push-opacity opacity=0.120 layer=pieces(10) z=8
  199: rect [origin=(160.200, 403.450) size=(22.100, 2.975)] radii=uniform(1.487) fill=solid(#302a33ff) border=none layer=pieces(10) z=8
  200: pop-opacity layer=pieces(10) z=8
  201: sprite asset="pieces/white-pawn" rect=[origin=(150.637, 369.238) size=(41.225, 41.225)] tint=#ffffffff rotation=0.000 pivot=(171.250, 389.850) layer=pieces(10) z=8
  202: push-opacity opacity=0.070 layer=pieces(10) z=9
  203: rect [origin=(199.606, 403.450) size=(28.288, 3.808)] radii=uniform(1.904) fill=solid(#302a33ff) border=none layer=pieces(10) z=9
  204: pop-opacity layer=pieces(10) z=9
  205: push-opacity opacity=0.120 layer=pieces(10) z=9
  206: rect [origin=(202.700, 403.450) size=(22.100, 2.975)] radii=uniform(1.487) fill=solid(#302a33ff) border=none layer=pieces(10) z=9
  207: pop-opacity layer=pieces(10) z=9
  208: sprite asset="pieces/white-pawn" rect=[origin=(193.137, 369.238) size=(41.225, 41.225)] tint=#ffffffff rotation=0.000 pivot=(213.750, 389.850) layer=pieces(10) z=9
  209: push-opacity opacity=0.070 layer=pieces(10) z=10
  210: rect [origin=(242.106, 403.450) size=(28.288, 3.808)] radii=uniform(1.904) fill=solid(#302a33ff) border=none layer=pieces(10) z=10
  211: pop-opacity layer=pieces(10) z=10
  212: push-opacity opacity=0.120 layer=pieces(10) z=10
  213: rect [origin=(245.200, 403.450) size=(22.100, 2.975)] radii=uniform(1.487) fill=solid(#302a33ff) border=none layer=pieces(10) z=10
  214: pop-opacity layer=pieces(10) z=10
  215: sprite asset="pieces/white-pawn" rect=[origin=(235.637, 369.238) size=(41.225, 41.225)] tint=#ffffffff rotation=0.000 pivot=(256.250, 389.850) layer=pieces(10) z=10
  216: push-opacity opacity=0.070 layer=pieces(10) z=11
  217: rect [origin=(284.606, 403.450) size=(28.288, 3.808)] radii=uniform(1.904) fill=solid(#302a33ff) border=none layer=pieces(10) z=11
  218: pop-opacity layer=pieces(10) z=11
  219: push-opacity opacity=0.120 layer=pieces(10) z=11
  220: rect [origin=(287.700, 403.450) size=(22.100, 2.975)] radii=uniform(1.487) fill=solid(#302a33ff) border=none layer=pieces(10) z=11
  221: pop-opacity layer=pieces(10) z=11
  222: sprite asset="pieces/white-pawn" rect=[origin=(278.138, 369.238) size=(41.225, 41.225)] tint=#ffffffff rotation=0.000 pivot=(298.750, 389.850) layer=pieces(10) z=11
  223: push-opacity opacity=0.070 layer=pieces(10) z=13
  224: rect [origin=(369.606, 403.450) size=(28.288, 3.808)] radii=uniform(1.904) fill=solid(#302a33ff) border=none layer=pieces(10) z=13
  225: pop-opacity layer=pieces(10) z=13
  226: push-opacity opacity=0.120 layer=pieces(10) z=13
  227: rect [origin=(372.700, 403.450) size=(22.100, 2.975)] radii=uniform(1.487) fill=solid(#302a33ff) border=none layer=pieces(10) z=13
  228: pop-opacity layer=pieces(10) z=13
  229: sprite asset="pieces/white-pawn" rect=[origin=(363.138, 369.238) size=(41.225, 41.225)] tint=#ffffffff rotation=0.000 pivot=(383.750, 389.850) layer=pieces(10) z=13
  230: push-opacity opacity=0.070 layer=pieces(10) z=14
  231: rect [origin=(412.106, 403.450) size=(28.288, 3.808)] radii=uniform(1.904) fill=solid(#302a33ff) border=none layer=pieces(10) z=14
  232: pop-opacity layer=pieces(10) z=14
  233: push-opacity opacity=0.120 layer=pieces(10) z=14
  234: rect [origin=(415.200, 403.450) size=(22.100, 2.975)] radii=uniform(1.487) fill=solid(#302a33ff) border=none layer=pieces(10) z=14
  235: pop-opacity layer=pieces(10) z=14
  236: sprite asset="pieces/white-pawn" rect=[origin=(405.638, 369.238) size=(41.225, 41.225)] tint=#ffffffff rotation=0.000 pivot=(426.250, 389.850) layer=pieces(10) z=14
  237: push-opacity opacity=0.070 layer=pieces(10) z=15
  238: rect [origin=(454.606, 403.450) size=(28.288, 3.808)] radii=uniform(1.904) fill=solid(#302a33ff) border=none layer=pieces(10) z=15
  239: pop-opacity layer=pieces(10) z=15
  240: push-opacity opacity=0.120 layer=pieces(10) z=15
  241: rect [origin=(457.700, 403.450) size=(22.100, 2.975)] radii=uniform(1.487) fill=solid(#302a33ff) border=none layer=pieces(10) z=15
  242: pop-opacity layer=pieces(10) z=15
  243: sprite asset="pieces/white-pawn" rect=[origin=(448.138, 369.238) size=(41.225, 41.225)] tint=#ffffffff rotation=0.000 pivot=(468.750, 389.850) layer=pieces(10) z=15
  244: push-opacity opacity=0.070 layer=pieces(10) z=48
  245: rect [origin=(157.106, 190.950) size=(28.288, 3.808)] radii=uniform(1.904) fill=solid(#302a33ff) border=none layer=pieces(10) z=48
  246: pop-opacity layer=pieces(10) z=48
  247: push-opacity opacity=0.120 layer=pieces(10) z=48
  248: rect [origin=(160.200, 190.950) size=(22.100, 2.975)] radii=uniform(1.487) fill=solid(#302a33ff) border=none layer=pieces(10) z=48
  249: pop-opacity layer=pieces(10) z=48
  250: sprite asset="pieces/black-pawn" rect=[origin=(150.637, 156.738) size=(41.225, 41.225)] tint=#ffffffff rotation=0.000 pivot=(171.250, 177.350) layer=pieces(10) z=48
  251: push-opacity opacity=0.070 layer=pieces(10) z=49
  252: rect [origin=(199.606, 190.950) size=(28.288, 3.808)] radii=uniform(1.904) fill=solid(#302a33ff) border=none layer=pieces(10) z=49
  253: pop-opacity layer=pieces(10) z=49
  254: push-opacity opacity=0.120 layer=pieces(10) z=49
  255: rect [origin=(202.700, 190.950) size=(22.100, 2.975)] radii=uniform(1.487) fill=solid(#302a33ff) border=none layer=pieces(10) z=49
  256: pop-opacity layer=pieces(10) z=49
  257: sprite asset="pieces/black-pawn" rect=[origin=(193.137, 156.738) size=(41.225, 41.225)] tint=#ffffffff rotation=0.000 pivot=(213.750, 177.350) layer=pieces(10) z=49
  258: push-opacity opacity=0.070 layer=pieces(10) z=50
  259: rect [origin=(242.106, 190.950) size=(28.288, 3.808)] radii=uniform(1.904) fill=solid(#302a33ff) border=none layer=pieces(10) z=50
  260: pop-opacity layer=pieces(10) z=50
  261: push-opacity opacity=0.120 layer=pieces(10) z=50
  262: rect [origin=(245.200, 190.950) size=(22.100, 2.975)] radii=uniform(1.487) fill=solid(#302a33ff) border=none layer=pieces(10) z=50
  263: pop-opacity layer=pieces(10) z=50
  264: sprite asset="pieces/black-pawn" rect=[origin=(235.637, 156.738) size=(41.225, 41.225)] tint=#ffffffff rotation=0.000 pivot=(256.250, 177.350) layer=pieces(10) z=50
  265: push-opacity opacity=0.070 layer=pieces(10) z=51
  266: rect [origin=(284.606, 190.950) size=(28.288, 3.808)] radii=uniform(1.904) fill=solid(#302a33ff) border=none layer=pieces(10) z=51
  267: pop-opacity layer=pieces(10) z=51
  268: push-opacity opacity=0.120 layer=pieces(10) z=51
  269: rect [origin=(287.700, 190.950) size=(22.100, 2.975)] radii=uniform(1.487) fill=solid(#302a33ff) border=none layer=pieces(10) z=51
  270: pop-opacity layer=pieces(10) z=51
  271: sprite asset="pieces/black-pawn" rect=[origin=(278.138, 156.738) size=(41.225, 41.225)] tint=#ffffffff rotation=0.000 pivot=(298.750, 177.350) layer=pieces(10) z=51
  272: push-opacity opacity=0.070 layer=pieces(10) z=52
  273: rect [origin=(327.106, 190.950) size=(28.288, 3.808)] radii=uniform(1.904) fill=solid(#302a33ff) border=none layer=pieces(10) z=52
  274: pop-opacity layer=pieces(10) z=52
  275: push-opacity opacity=0.120 layer=pieces(10) z=52
  276: rect [origin=(330.200, 190.950) size=(22.100, 2.975)] radii=uniform(1.487) fill=solid(#302a33ff) border=none layer=pieces(10) z=52
  277: pop-opacity layer=pieces(10) z=52
  278: sprite asset="pieces/black-pawn" rect=[origin=(320.638, 156.738) size=(41.225, 41.225)] tint=#ffffffff rotation=0.000 pivot=(341.250, 177.350) layer=pieces(10) z=52
  279: push-opacity opacity=0.070 layer=pieces(10) z=53
  280: rect [origin=(369.606, 190.950) size=(28.288, 3.808)] radii=uniform(1.904) fill=solid(#302a33ff) border=none layer=pieces(10) z=53
  281: pop-opacity layer=pieces(10) z=53
  282: push-opacity opacity=0.120 layer=pieces(10) z=53
  283: rect [origin=(372.700, 190.950) size=(22.100, 2.975)] radii=uniform(1.487) fill=solid(#302a33ff) border=none layer=pieces(10) z=53
  284: pop-opacity layer=pieces(10) z=53
  285: sprite asset="pieces/black-pawn" rect=[origin=(363.138, 156.738) size=(41.225, 41.225)] tint=#ffffffff rotation=0.000 pivot=(383.750, 177.350) layer=pieces(10) z=53
  286: push-opacity opacity=0.070 layer=pieces(10) z=54
  287: rect [origin=(412.106, 190.950) size=(28.288, 3.808)] radii=uniform(1.904) fill=solid(#302a33ff) border=none layer=pieces(10) z=54
  288: pop-opacity layer=pieces(10) z=54
  289: push-opacity opacity=0.120 layer=pieces(10) z=54
  290: rect [origin=(415.200, 190.950) size=(22.100, 2.975)] radii=uniform(1.487) fill=solid(#302a33ff) border=none layer=pieces(10) z=54
  291: pop-opacity layer=pieces(10) z=54
  292: sprite asset="pieces/black-pawn" rect=[origin=(405.638, 156.738) size=(41.225, 41.225)] tint=#ffffffff rotation=0.000 pivot=(426.250, 177.350) layer=pieces(10) z=54
  293: push-opacity opacity=0.070 layer=pieces(10) z=55
  294: rect [origin=(454.606, 190.950) size=(28.288, 3.808)] radii=uniform(1.904) fill=solid(#302a33ff) border=none layer=pieces(10) z=55
  295: pop-opacity layer=pieces(10) z=55
  296: push-opacity opacity=0.120 layer=pieces(10) z=55
  297: rect [origin=(457.700, 190.950) size=(22.100, 2.975)] radii=uniform(1.487) fill=solid(#302a33ff) border=none layer=pieces(10) z=55
  298: pop-opacity layer=pieces(10) z=55
  299: sprite asset="pieces/black-pawn" rect=[origin=(448.138, 156.738) size=(41.225, 41.225)] tint=#ffffffff rotation=0.000 pivot=(468.750, 177.350) layer=pieces(10) z=55
  300: push-opacity opacity=0.070 layer=pieces(10) z=56
  301: rect [origin=(157.106, 148.450) size=(28.288, 3.808)] radii=uniform(1.904) fill=solid(#302a33ff) border=none layer=pieces(10) z=56
  302: pop-opacity layer=pieces(10) z=56
  303: push-opacity opacity=0.120 layer=pieces(10) z=56
  304: rect [origin=(160.200, 148.450) size=(22.100, 2.975)] radii=uniform(1.487) fill=solid(#302a33ff) border=none layer=pieces(10) z=56
  305: pop-opacity layer=pieces(10) z=56
  306: sprite asset="pieces/black-rook" rect=[origin=(150.637, 114.237) size=(41.225, 41.225)] tint=#ffffffff rotation=0.000 pivot=(171.250, 134.850) layer=pieces(10) z=56
  307: push-opacity opacity=0.070 layer=pieces(10) z=57
  308: rect [origin=(199.606, 148.450) size=(28.288, 3.808)] radii=uniform(1.904) fill=solid(#302a33ff) border=none layer=pieces(10) z=57
  309: pop-opacity layer=pieces(10) z=57
  310: push-opacity opacity=0.120 layer=pieces(10) z=57
  311: rect [origin=(202.700, 148.450) size=(22.100, 2.975)] radii=uniform(1.487) fill=solid(#302a33ff) border=none layer=pieces(10) z=57
  312: pop-opacity layer=pieces(10) z=57
  313: sprite asset="pieces/black-knight" rect=[origin=(193.137, 114.237) size=(41.225, 41.225)] tint=#ffffffff rotation=0.000 pivot=(213.750, 134.850) layer=pieces(10) z=57
  314: push-opacity opacity=0.070 layer=pieces(10) z=58
  315: rect [origin=(242.106, 148.450) size=(28.288, 3.808)] radii=uniform(1.904) fill=solid(#302a33ff) border=none layer=pieces(10) z=58
  316: pop-opacity layer=pieces(10) z=58
  317: push-opacity opacity=0.120 layer=pieces(10) z=58
  318: rect [origin=(245.200, 148.450) size=(22.100, 2.975)] radii=uniform(1.487) fill=solid(#302a33ff) border=none layer=pieces(10) z=58
  319: pop-opacity layer=pieces(10) z=58
  320: sprite asset="pieces/black-bishop" rect=[origin=(235.637, 114.237) size=(41.225, 41.225)] tint=#ffffffff rotation=0.000 pivot=(256.250, 134.850) layer=pieces(10) z=58
  321: push-opacity opacity=0.070 layer=pieces(10) z=59
  322: rect [origin=(284.606, 148.450) size=(28.288, 3.808)] radii=uniform(1.904) fill=solid(#302a33ff) border=none layer=pieces(10) z=59
  323: pop-opacity layer=pieces(10) z=59
  324: push-opacity opacity=0.120 layer=pieces(10) z=59
  325: rect [origin=(287.700, 148.450) size=(22.100, 2.975)] radii=uniform(1.487) fill=solid(#302a33ff) border=none layer=pieces(10) z=59
  326: pop-opacity layer=pieces(10) z=59
  327: sprite asset="pieces/black-queen" rect=[origin=(278.138, 114.237) size=(41.225, 41.225)] tint=#ffffffff rotation=0.000 pivot=(298.750, 134.850) layer=pieces(10) z=59
  328: push-opacity opacity=0.070 layer=pieces(10) z=60
  329: rect [origin=(327.106, 148.450) size=(28.288, 3.808)] radii=uniform(1.904) fill=solid(#302a33ff) border=none layer=pieces(10) z=60
  330: pop-opacity layer=pieces(10) z=60
  331: push-opacity opacity=0.120 layer=pieces(10) z=60
  332: rect [origin=(330.200, 148.450) size=(22.100, 2.975)] radii=uniform(1.487) fill=solid(#302a33ff) border=none layer=pieces(10) z=60
  333: pop-opacity layer=pieces(10) z=60
  334: sprite asset="pieces/black-king" rect=[origin=(320.638, 114.237) size=(41.225, 41.225)] tint=#ffffffff rotation=0.000 pivot=(341.250, 134.850) layer=pieces(10) z=60
  335: push-opacity opacity=0.070 layer=pieces(10) z=61
  336: rect [origin=(369.606, 148.450) size=(28.288, 3.808)] radii=uniform(1.904) fill=solid(#302a33ff) border=none layer=pieces(10) z=61
  337: pop-opacity layer=pieces(10) z=61
  338: push-opacity opacity=0.120 layer=pieces(10) z=61
  339: rect [origin=(372.700, 148.450) size=(22.100, 2.975)] radii=uniform(1.487) fill=solid(#302a33ff) border=none layer=pieces(10) z=61
  340: pop-opacity layer=pieces(10) z=61
  341: sprite asset="pieces/black-bishop" rect=[origin=(363.138, 114.237) size=(41.225, 41.225)] tint=#ffffffff rotation=0.000 pivot=(383.750, 134.850) layer=pieces(10) z=61
  342: push-opacity opacity=0.070 layer=pieces(10) z=62
  343: rect [origin=(412.106, 148.450) size=(28.288, 3.808)] radii=uniform(1.904) fill=solid(#302a33ff) border=none layer=pieces(10) z=62
  344: pop-opacity layer=pieces(10) z=62
  345: push-opacity opacity=0.120 layer=pieces(10) z=62
  346: rect [origin=(415.200, 148.450) size=(22.100, 2.975)] radii=uniform(1.487) fill=solid(#302a33ff) border=none layer=pieces(10) z=62
  347: pop-opacity layer=pieces(10) z=62
  348: sprite asset="pieces/black-knight" rect=[origin=(405.638, 114.237) size=(41.225, 41.225)] tint=#ffffffff rotation=0.000 pivot=(426.250, 134.850) layer=pieces(10) z=62
  349: push-opacity opacity=0.070 layer=pieces(10) z=63
  350: rect [origin=(454.606, 148.450) size=(28.288, 3.808)] radii=uniform(1.904) fill=solid(#302a33ff) border=none layer=pieces(10) z=63
  351: pop-opacity layer=pieces(10) z=63
  352: push-opacity opacity=0.120 layer=pieces(10) z=63
  353: rect [origin=(457.700, 148.450) size=(22.100, 2.975)] radii=uniform(1.487) fill=solid(#302a33ff) border=none layer=pieces(10) z=63
  354: pop-opacity layer=pieces(10) z=63
  355: sprite asset="pieces/black-rook" rect=[origin=(448.138, 114.237) size=(41.225, 41.225)] tint=#ffffffff rotation=0.000 pivot=(468.750, 134.850) layer=pieces(10) z=63
  356: push-opacity opacity=0.070 layer=pieces(10) z=100
  357: rect [origin=(326.216, 372.112) size=(30.069, 3.808)] radii=uniform(1.904) fill=solid(#302a33ff) border=none layer=pieces(10) z=100
  358: pop-opacity layer=pieces(10) z=100
  359: push-opacity opacity=0.120 layer=pieces(10) z=100
  360: rect [origin=(329.310, 372.112) size=(23.881, 2.975)] radii=uniform(1.487) fill=solid(#302a33ff) border=none layer=pieces(10) z=100
  361: pop-opacity layer=pieces(10) z=100
  362: sprite asset="pieces/white-pawn" rect=[origin=(321.418, 332.745) size=(39.663, 39.663)] tint=#ffffffff rotation=0.000 pivot=(341.250, 352.576) layer=pieces(10) z=100
  363: rect [origin=(320.000, 368.600) size=(42.500, 42.500)] radii=uniform(0.000) fill=none border=[width=7.000 color=#fffbffff] layer=overlay(20) z=-1
  364: rect [origin=(320.000, 283.600) size=(42.500, 42.500)] radii=uniform(0.000) fill=none border=[width=7.000 color=#fffbffff] layer=overlay(20) z=-1
  365: rect [origin=(320.000, 368.600) size=(42.500, 42.500)] radii=uniform(0.000) fill=none border=[width=3.000 color=#b07000ff] layer=overlay(20) z=0
  366: rect [origin=(320.000, 283.600) size=(42.500, 42.500)] radii=uniform(0.000) fill=none border=[width=3.000 color=#b07000ff] layer=overlay(20) z=0
  367: text "Chess" at=(150.000, 12.800) style=TitleLg align=Start max_width=340.000 color=#352146ff layer=hud(30) z=0
  368: text "a" at=(167.000, 454.600) style=LabelSm align=Start max_width=42.500 color=#f1eaf7ff layer=hud(30) z=0
  369: text "8" at=(140.000, 128.475) style=LabelSm align=Start max_width=18.000 color=#f1eaf7ff layer=hud(30) z=0
  370: text "b" at=(209.500, 454.600) style=LabelSm align=Start max_width=42.500 color=#f1eaf7ff layer=hud(30) z=0
  371: text "7" at=(140.000, 170.975) style=LabelSm align=Start max_width=18.000 color=#f1eaf7ff layer=hud(30) z=0
  372: text "c" at=(252.000, 454.600) style=LabelSm align=Start max_width=42.500 color=#f1eaf7ff layer=hud(30) z=0
  373: text "6" at=(140.000, 213.475) style=LabelSm align=Start max_width=18.000 color=#f1eaf7ff layer=hud(30) z=0
  374: text "d" at=(294.500, 454.600) style=LabelSm align=Start max_width=42.500 color=#f1eaf7ff layer=hud(30) z=0
  375: text "5" at=(140.000, 255.975) style=LabelSm align=Start max_width=18.000 color=#f1eaf7ff layer=hud(30) z=0
  376: text "e" at=(337.000, 454.600) style=LabelSm align=Start max_width=42.500 color=#f1eaf7ff layer=hud(30) z=0
  377: text "4" at=(140.000, 298.475) style=LabelSm align=Start max_width=18.000 color=#f1eaf7ff layer=hud(30) z=0
  378: text "f" at=(379.500, 454.600) style=LabelSm align=Start max_width=42.500 color=#f1eaf7ff layer=hud(30) z=0
  379: text "3" at=(140.000, 340.975) style=LabelSm align=Start max_width=18.000 color=#f1eaf7ff layer=hud(30) z=0
  380: text "g" at=(422.000, 454.600) style=LabelSm align=Start max_width=42.500 color=#f1eaf7ff layer=hud(30) z=0
  381: text "2" at=(140.000, 383.475) style=LabelSm align=Start max_width=18.000 color=#f1eaf7ff layer=hud(30) z=0
  382: text "h" at=(464.500, 454.600) style=LabelSm align=Start max_width=42.500 color=#f1eaf7ff layer=hud(30) z=0
  383: text "1" at=(140.000, 425.975) style=LabelSm align=Start max_width=18.000 color=#f1eaf7ff layer=hud(30) z=0
  384: rect [origin=(150.000, 51.200) size=(340.000, 44.000)] radii=uniform(14.000) fill=solid(#fefbf4ff) border=[width=1.000 color=#573b83ff] layer=hud(30) z=0
  385: rect [origin=(150.000, 472.000) size=(340.000, 44.000)] radii=uniform(14.000) fill=solid(#e5dbe7ff) border=none layer=hud(30) z=0
  386: rect [origin=(150.000, 522.400) size=(340.000, 48.000)] radii=uniform(16.000) fill=solid(#fefbf4ff) border=none layer=hud(30) z=0
  387: rect [origin=(150.000, 576.800) size=(168.000, 44.000)] radii=uniform(14.000) fill=solid(#eae3edff) border=none layer=hud(30) z=0
  388: text "Flip" at=(234.000, 588.800) style=LabelLg align=Center max_width=152.000 color=#1e1c21ff layer=hud(30) z=0
  389: rect [origin=(322.000, 576.800) size=(168.000, 44.000)] radii=uniform(14.000) fill=solid(#eae3edff) border=none layer=hud(30) z=0
  390: text "Actions" at=(406.000, 588.800) style=LabelLg align=Center max_width=152.000 color=#1e1c21ff layer=hud(30) z=0
  391: sprite asset="pieces/black-king" rect=[origin=(156.480, 57.680) size=(31.040, 31.040)] tint=#ffffffff rotation=0.000 pivot=(172.000, 73.200) layer=hud(30) z=1
  392: text "Black / turn" at=(198.000, 52.200) style=LabelLg align=Start max_width=274.000 color=#352146ff layer=hud(30) z=1
  393: text "Opponent seat" at=(198.000, 73.200) style=BodyMd align=Start max_width=274.000 color=#352146ff layer=hud(30) z=1
  394: sprite asset="pieces/white-king" rect=[origin=(156.480, 478.480) size=(31.040, 31.040)] tint=#ffffffff rotation=0.000 pivot=(172.000, 494.000) layer=hud(30) z=1
  395: text "White" at=(198.000, 473.000) style=LabelLg align=Start max_width=274.000 color=#352146ff layer=hud(30) z=1
  396: text "Your seat" at=(198.000, 494.000) style=BodyMd align=Start max_width=274.000 color=#352146ff layer=hud(30) z=1
  397: text "Black to move" at=(158.000, 530.400) style=LabelLg align=Start max_width=324.000 color=#352146ff layer=hud(30) z=1
  398: text "Session: e2→e4 / 0 captured" at=(158.000, 550.400) style=BodyMd align=Start max_width=324.000 color=#352146ff layer=hud(30) z=1
