---
source: games/chess/src/presentation/mod.rs
expression: "& $crate :: presentation ::\nrender_list_snapshot($crate :: presentation :: AsRenderList ::\nas_render_list(& list))"
---
camera origin=(0.000, 0.000) zoom=1.000
commands (total 77):
  0: rect [origin=(24.000, 566.000) size=(74.000, 74.000)] radii=uniform(0.000) fill=solid(#eae3edff) border=none layer=board(0) z=0
  1: rect [origin=(98.000, 566.000) size=(74.000, 74.000)] radii=uniform(0.000) fill=solid(#f4edf7ff) border=none layer=board(0) z=1
  2: rect [origin=(172.000, 566.000) size=(74.000, 74.000)] radii=uniform(0.000) fill=solid(#eae3edff) border=none layer=board(0) z=2
  3: rect [origin=(246.000, 566.000) size=(74.000, 74.000)] radii=uniform(0.000) fill=solid(#f4edf7ff) border=none layer=board(0) z=3
  4: rect [origin=(320.000, 566.000) size=(74.000, 74.000)] radii=uniform(0.000) fill=solid(#eae3edff) border=none layer=board(0) z=4
  5: rect [origin=(394.000, 566.000) size=(74.000, 74.000)] radii=uniform(0.000) fill=solid(#f4edf7ff) border=none layer=board(0) z=5
  6: rect [origin=(468.000, 566.000) size=(74.000, 74.000)] radii=uniform(0.000) fill=solid(#eae3edff) border=none layer=board(0) z=6
  7: rect [origin=(542.000, 566.000) size=(74.000, 74.000)] radii=uniform(0.000) fill=solid(#f4edf7ff) border=none layer=board(0) z=7
  8: rect [origin=(24.000, 492.000) size=(74.000, 74.000)] radii=uniform(0.000) fill=solid(#f4edf7ff) border=none layer=board(0) z=8
  9: rect [origin=(98.000, 492.000) size=(74.000, 74.000)] radii=uniform(0.000) fill=solid(#eae3edff) border=none layer=board(0) z=9
  10: rect [origin=(172.000, 492.000) size=(74.000, 74.000)] radii=uniform(0.000) fill=solid(#f4edf7ff) border=none layer=board(0) z=10
  11: rect [origin=(246.000, 492.000) size=(74.000, 74.000)] radii=uniform(0.000) fill=solid(#eae3edff) border=none layer=board(0) z=11
  12: rect [origin=(320.000, 492.000) size=(74.000, 74.000)] radii=uniform(0.000) fill=solid(#f4edf7ff) border=none layer=board(0) z=12
  13: rect [origin=(394.000, 492.000) size=(74.000, 74.000)] radii=uniform(0.000) fill=solid(#eae3edff) border=none layer=board(0) z=13
  14: rect [origin=(468.000, 492.000) size=(74.000, 74.000)] radii=uniform(0.000) fill=solid(#f4edf7ff) border=none layer=board(0) z=14
  15: rect [origin=(542.000, 492.000) size=(74.000, 74.000)] radii=uniform(0.000) fill=solid(#eae3edff) border=none layer=board(0) z=15
  16: rect [origin=(24.000, 418.000) size=(74.000, 74.000)] radii=uniform(0.000) fill=solid(#eae3edff) border=none layer=board(0) z=16
  17: rect [origin=(98.000, 418.000) size=(74.000, 74.000)] radii=uniform(0.000) fill=solid(#f4edf7ff) border=none layer=board(0) z=17
  18: rect [origin=(172.000, 418.000) size=(74.000, 74.000)] radii=uniform(0.000) fill=solid(#eae3edff) border=none layer=board(0) z=18
  19: rect [origin=(246.000, 418.000) size=(74.000, 74.000)] radii=uniform(0.000) fill=solid(#f4edf7ff) border=none layer=board(0) z=19
  20: rect [origin=(320.000, 418.000) size=(74.000, 74.000)] radii=uniform(0.000) fill=solid(#eae3edff) border=none layer=board(0) z=20
  21: rect [origin=(394.000, 418.000) size=(74.000, 74.000)] radii=uniform(0.000) fill=solid(#f4edf7ff) border=none layer=board(0) z=21
  22: rect [origin=(468.000, 418.000) size=(74.000, 74.000)] radii=uniform(0.000) fill=solid(#eae3edff) border=none layer=board(0) z=22
  23: rect [origin=(542.000, 418.000) size=(74.000, 74.000)] radii=uniform(0.000) fill=solid(#f4edf7ff) border=none layer=board(0) z=23
  24: rect [origin=(24.000, 344.000) size=(74.000, 74.000)] radii=uniform(0.000) fill=solid(#f4edf7ff) border=none layer=board(0) z=24
  25: rect [origin=(98.000, 344.000) size=(74.000, 74.000)] radii=uniform(0.000) fill=solid(#eae3edff) border=none layer=board(0) z=25
  26: rect [origin=(172.000, 344.000) size=(74.000, 74.000)] radii=uniform(0.000) fill=solid(#f4edf7ff) border=none layer=board(0) z=26
  27: rect [origin=(246.000, 344.000) size=(74.000, 74.000)] radii=uniform(0.000) fill=solid(#eae3edff) border=none layer=board(0) z=27
  28: rect [origin=(320.000, 344.000) size=(74.000, 74.000)] radii=uniform(0.000) fill=solid(#f4edf7ff) border=none layer=board(0) z=28
  29: rect [origin=(394.000, 344.000) size=(74.000, 74.000)] radii=uniform(0.000) fill=solid(#eae3edff) border=none layer=board(0) z=29
  30: rect [origin=(468.000, 344.000) size=(74.000, 74.000)] radii=uniform(0.000) fill=solid(#f4edf7ff) border=none layer=board(0) z=30
  31: rect [origin=(542.000, 344.000) size=(74.000, 74.000)] radii=uniform(0.000) fill=solid(#eae3edff) border=none layer=board(0) z=31
  32: rect [origin=(24.000, 270.000) size=(74.000, 74.000)] radii=uniform(0.000) fill=solid(#eae3edff) border=none layer=board(0) z=32
  33: rect [origin=(98.000, 270.000) size=(74.000, 74.000)] radii=uniform(0.000) fill=solid(#f4edf7ff) border=none layer=board(0) z=33
  34: rect [origin=(172.000, 270.000) size=(74.000, 74.000)] radii=uniform(0.000) fill=solid(#eae3edff) border=none layer=board(0) z=34
  35: rect [origin=(246.000, 270.000) size=(74.000, 74.000)] radii=uniform(0.000) fill=solid(#f4edf7ff) border=none layer=board(0) z=35
  36: rect [origin=(320.000, 270.000) size=(74.000, 74.000)] radii=uniform(0.000) fill=solid(#eae3edff) border=none layer=board(0) z=36
  37: rect [origin=(394.000, 270.000) size=(74.000, 74.000)] radii=uniform(0.000) fill=solid(#f4edf7ff) border=none layer=board(0) z=37
  38: rect [origin=(468.000, 270.000) size=(74.000, 74.000)] radii=uniform(0.000) fill=solid(#eae3edff) border=none layer=board(0) z=38
  39: rect [origin=(542.000, 270.000) size=(74.000, 74.000)] radii=uniform(0.000) fill=solid(#f4edf7ff) border=none layer=board(0) z=39
  40: rect [origin=(24.000, 196.000) size=(74.000, 74.000)] radii=uniform(0.000) fill=solid(#f4edf7ff) border=none layer=board(0) z=40
  41: rect [origin=(98.000, 196.000) size=(74.000, 74.000)] radii=uniform(0.000) fill=solid(#eae3edff) border=none layer=board(0) z=41
  42: rect [origin=(172.000, 196.000) size=(74.000, 74.000)] radii=uniform(0.000) fill=solid(#f4edf7ff) border=none layer=board(0) z=42
  43: rect [origin=(246.000, 196.000) size=(74.000, 74.000)] radii=uniform(0.000) fill=solid(#eae3edff) border=none layer=board(0) z=43
  44: rect [origin=(320.000, 196.000) size=(74.000, 74.000)] radii=uniform(0.000) fill=solid(#f4edf7ff) border=none layer=board(0) z=44
  45: rect [origin=(394.000, 196.000) size=(74.000, 74.000)] radii=uniform(0.000) fill=solid(#eae3edff) border=none layer=board(0) z=45
  46: rect [origin=(468.000, 196.000) size=(74.000, 74.000)] radii=uniform(0.000) fill=solid(#f4edf7ff) border=none layer=board(0) z=46
  47: rect [origin=(542.000, 196.000) size=(74.000, 74.000)] radii=uniform(0.000) fill=solid(#eae3edff) border=none layer=board(0) z=47
  48: rect [origin=(24.000, 122.000) size=(74.000, 74.000)] radii=uniform(0.000) fill=solid(#eae3edff) border=none layer=board(0) z=48
  49: rect [origin=(98.000, 122.000) size=(74.000, 74.000)] radii=uniform(0.000) fill=solid(#f4edf7ff) border=none layer=board(0) z=49
  50: rect [origin=(172.000, 122.000) size=(74.000, 74.000)] radii=uniform(0.000) fill=solid(#eae3edff) border=none layer=board(0) z=50
  51: rect [origin=(246.000, 122.000) size=(74.000, 74.000)] radii=uniform(0.000) fill=solid(#f4edf7ff) border=none layer=board(0) z=51
  52: rect [origin=(320.000, 122.000) size=(74.000, 74.000)] radii=uniform(0.000) fill=solid(#eae3edff) border=none layer=board(0) z=52
  53: rect [origin=(394.000, 122.000) size=(74.000, 74.000)] radii=uniform(0.000) fill=solid(#f4edf7ff) border=none layer=board(0) z=53
  54: rect [origin=(468.000, 122.000) size=(74.000, 74.000)] radii=uniform(0.000) fill=solid(#eae3edff) border=none layer=board(0) z=54
  55: rect [origin=(542.000, 122.000) size=(74.000, 74.000)] radii=uniform(0.000) fill=solid(#f4edf7ff) border=none layer=board(0) z=55
  56: rect [origin=(24.000, 48.000) size=(74.000, 74.000)] radii=uniform(0.000) fill=solid(#f4edf7ff) border=none layer=board(0) z=56
  57: rect [origin=(98.000, 48.000) size=(74.000, 74.000)] radii=uniform(0.000) fill=solid(#eae3edff) border=none layer=board(0) z=57
  58: rect [origin=(172.000, 48.000) size=(74.000, 74.000)] radii=uniform(0.000) fill=solid(#f4edf7ff) border=none layer=board(0) z=58
  59: rect [origin=(246.000, 48.000) size=(74.000, 74.000)] radii=uniform(0.000) fill=solid(#eae3edff) border=none layer=board(0) z=59
  60: rect [origin=(320.000, 48.000) size=(74.000, 74.000)] radii=uniform(0.000) fill=solid(#f4edf7ff) border=none layer=board(0) z=60
  61: rect [origin=(394.000, 48.000) size=(74.000, 74.000)] radii=uniform(0.000) fill=solid(#eae3edff) border=none layer=board(0) z=61
  62: rect [origin=(468.000, 48.000) size=(74.000, 74.000)] radii=uniform(0.000) fill=solid(#f4edf7ff) border=none layer=board(0) z=62
  63: rect [origin=(542.000, 48.000) size=(74.000, 74.000)] radii=uniform(0.000) fill=solid(#eae3edff) border=none layer=board(0) z=63
  64: text "K" at=(357.000, 581.000) style=DisplaySm align=Center max_width=none color=#1e1c21ff layer=pieces(10) z=4
  65: text "P" at=(357.000, 137.000) style=DisplaySm align=Center max_width=none color=#1e1c21ff layer=pieces(10) z=52
  66: text "k" at=(61.000, 63.000) style=DisplaySm align=Center max_width=none color=#4b4650ff layer=pieces(10) z=56
  67: text "Your turn — White" at=(320.000, 10.000) style=TitleLg align=Center max_width=none color=#1e1c21ff layer=hud(30) z=0
  68: rect [origin=(168.300, 303.300) size=(303.400, 81.400)] radii=uniform(12.000) fill=solid(#f4edf7ff) border=[width=3.000 color=#79747eff] layer=modal(40) z=0
  69: rect [origin=(175.700, 310.700) size=(66.600, 66.600)] radii=uniform(8.000) fill=solid(#5634beff) border=[width=3.000 color=#5634beff] layer=modal(40) z=1
  70: rect [origin=(249.700, 310.700) size=(66.600, 66.600)] radii=uniform(8.000) fill=solid(#eae3edff) border=[width=3.000 color=#5634beff] layer=modal(40) z=2
  71: rect [origin=(323.700, 310.700) size=(66.600, 66.600)] radii=uniform(8.000) fill=solid(#eae3edff) border=[width=3.000 color=#5634beff] layer=modal(40) z=3
  72: rect [origin=(397.700, 310.700) size=(66.600, 66.600)] radii=uniform(8.000) fill=solid(#eae3edff) border=[width=3.000 color=#5634beff] layer=modal(40) z=4
  73: text "Q" at=(209.000, 330.000) style=TitleLg align=Center max_width=none color=#ffffffff layer=modal(40) z=5
  74: text "R" at=(283.000, 330.000) style=TitleLg align=Center max_width=none color=#1e1c21ff layer=modal(40) z=6
  75: text "B" at=(357.000, 330.000) style=TitleLg align=Center max_width=none color=#1e1c21ff layer=modal(40) z=7
  76: text "N" at=(431.000, 330.000) style=TitleLg align=Center max_width=none color=#1e1c21ff layer=modal(40) z=8
